Component: ARM Compiler 5.06 update 7 (build 960) Tool: armlink [4d3601]

==============================================================================

Section Cross References

    startup_stm32h723xx.o(RESET) refers to startup_stm32h723xx.o(STACK) for __initial_sp
    startup_stm32h723xx.o(RESET) refers to startup_stm32h723xx.o(.text) for Reset_Handler
    startup_stm32h723xx.o(RESET) refers to stm32h7xx_it.o(i.NMI_Handler) for NMI_Handler
    startup_stm32h723xx.o(RESET) refers to stm32h7xx_it.o(i.HardFault_Handler) for HardFault_Handler
    startup_stm32h723xx.o(RESET) refers to stm32h7xx_it.o(i.MemManage_Handler) for MemManage_Handler
    startup_stm32h723xx.o(RESET) refers to stm32h7xx_it.o(i.BusFault_Handler) for BusFault_Handler
    startup_stm32h723xx.o(RESET) refers to stm32h7xx_it.o(i.UsageFault_Handler) for UsageFault_Handler
    startup_stm32h723xx.o(RESET) refers to port.o(.emb_text) for SVC_Handler
    startup_stm32h723xx.o(RESET) refers to stm32h7xx_it.o(i.DebugMon_Handler) for DebugMon_Handler
    startup_stm32h723xx.o(RESET) refers to port.o(i.SysTick_Handler) for SysTick_Handler
    startup_stm32h723xx.o(RESET) refers to stm32h7xx_it.o(i.DMA1_Stream0_IRQHandler) for DMA1_Stream0_IRQHandler
    startup_stm32h723xx.o(RESET) refers to stm32h7xx_it.o(i.DMA1_Stream1_IRQHandler) for DMA1_Stream1_IRQHandler
    startup_stm32h723xx.o(RESET) refers to stm32h7xx_it.o(i.DMA1_Stream2_IRQHandler) for DMA1_Stream2_IRQHandler
    startup_stm32h723xx.o(RESET) refers to stm32h7xx_it.o(i.FDCAN1_IT0_IRQHandler) for FDCAN1_IT0_IRQHandler
    startup_stm32h723xx.o(RESET) refers to stm32h7xx_it.o(i.FDCAN2_IT0_IRQHandler) for FDCAN2_IT0_IRQHandler
    startup_stm32h723xx.o(RESET) refers to stm32h7xx_it.o(i.SPI2_IRQHandler) for SPI2_IRQHandler
    startup_stm32h723xx.o(RESET) refers to stm32h7xx_it.o(i.UART5_IRQHandler) for UART5_IRQHandler
    startup_stm32h723xx.o(RESET) refers to stm32h7xx_it.o(i.FDCAN3_IT0_IRQHandler) for FDCAN3_IT0_IRQHandler
    startup_stm32h723xx.o(RESET) refers to stm32h7xx_it.o(i.TIM23_IRQHandler) for TIM23_IRQHandler
    startup_stm32h723xx.o(.text) refers to system_stm32h7xx.o(i.SystemInit) for SystemInit
    startup_stm32h723xx.o(.text) refers to entry.o(.ARM.Collect$$$$00000000) for __main
    main.o(i.HAL_TIM_PeriodElapsedCallback) refers to stm32h7xx_hal.o(i.HAL_IncTick) for HAL_IncTick
    main.o(i.SystemClock_Config) refers to memseta.o(.text) for __aeabi_memclr4
    main.o(i.SystemClock_Config) refers to stm32h7xx_hal_pwr_ex.o(i.HAL_PWREx_ConfigSupply) for HAL_PWREx_ConfigSupply
    main.o(i.SystemClock_Config) refers to stm32h7xx_hal_rcc.o(i.HAL_RCC_OscConfig) for HAL_RCC_OscConfig
    main.o(i.SystemClock_Config) refers to main.o(i.Error_Handler) for Error_Handler
    main.o(i.SystemClock_Config) refers to stm32h7xx_hal_rcc.o(i.HAL_RCC_ClockConfig) for HAL_RCC_ClockConfig
    main.o(i.main) refers to stm32h7xx_hal.o(i.HAL_Init) for HAL_Init
    main.o(i.main) refers to main.o(i.SystemClock_Config) for SystemClock_Config
    main.o(i.main) refers to gpio.o(i.MX_GPIO_Init) for MX_GPIO_Init
    main.o(i.main) refers to dma.o(i.MX_DMA_Init) for MX_DMA_Init
    main.o(i.main) refers to usart.o(i.MX_UART5_Init) for MX_UART5_Init
    main.o(i.main) refers to spi.o(i.MX_SPI2_Init) for MX_SPI2_Init
    main.o(i.main) refers to fdcan.o(i.MX_FDCAN3_Init) for MX_FDCAN3_Init
    main.o(i.main) refers to spi.o(i.MX_SPI6_Init) for MX_SPI6_Init
    main.o(i.main) refers to tim.o(i.MX_TIM4_Init) for MX_TIM4_Init
    main.o(i.main) refers to fdcan.o(i.MX_FDCAN1_Init) for MX_FDCAN1_Init
    main.o(i.main) refers to fdcan.o(i.MX_FDCAN2_Init) for MX_FDCAN2_Init
    main.o(i.main) refers to stm32h7xx_hal_uart_ex.o(i.HAL_UARTEx_ReceiveToIdle_DMA) for HAL_UARTEx_ReceiveToIdle_DMA
    main.o(i.main) refers to bsp_can.o(i.bsp_can_init) for bsp_can_init
    main.o(i.main) refers to ws2812.o(i.WS2812_Ctrl) for WS2812_Ctrl
    main.o(i.main) refers to bsp_delay.o(i.delay_init) for delay_init
    main.o(i.main) refers to bsp_dwt.o(i.DWT_Init) for DWT_Init
    main.o(i.main) refers to bmi088driver.o(i.BMI088_init) for BMI088_init
    main.o(i.main) refers to ws2812.o(i.Led_FLASH) for Led_FLASH
    main.o(i.main) refers to freertos.o(i.MX_FREERTOS_Init) for MX_FREERTOS_Init
    main.o(i.main) refers to cmsis_os.o(i.osKernelStart) for osKernelStart
    main.o(i.main) refers to uart_bsp.o(.bss) for rx_buff
    main.o(i.main) refers to usart.o(.bss) for huart5
    gpio.o(i.MX_GPIO_Init) refers to memseta.o(.text) for __aeabi_memclr4
    gpio.o(i.MX_GPIO_Init) refers to stm32h7xx_hal_gpio.o(i.HAL_GPIO_WritePin) for HAL_GPIO_WritePin
    gpio.o(i.MX_GPIO_Init) refers to stm32h7xx_hal_gpio.o(i.HAL_GPIO_Init) for HAL_GPIO_Init
    gpio.o(i.MX_GPIO_Init) refers to stm32h7xx_hal.o(i.HAL_SYSCFG_AnalogSwitchConfig) for HAL_SYSCFG_AnalogSwitchConfig
    freertos.o(i.Chassis_Control) refers to cmsis_os.o(i.osDelay) for osDelay
    freertos.o(i.MX_FREERTOS_Init) refers to memcpya.o(.text) for __aeabi_memcpy4
[...]
    HAL_FDCAN_TxFifoEmptyCallback            0x08005d3f   Thumb Code     2  stm32h7xx_hal_fdcan.o(i.HAL_FDCAN_TxFifoEmptyCallback)
    HAL_GPIO_Init                            0x08005d41   Thumb Code   446  stm32h7xx_hal_gpio.o(i.HAL_GPIO_Init)
    HAL_GPIO_WritePin                        0x08005f31   Thumb Code    12  stm32h7xx_hal_gpio.o(i.HAL_GPIO_WritePin)
    HAL_GetTick                              0x08005f3d   Thumb Code     6  stm32h7xx_hal.o(i.HAL_GetTick)
    HAL_IncTick                              0x08005f49   Thumb Code    16  stm32h7xx_hal.o(i.HAL_IncTick)
    HAL_Init                                 0x08005f61   Thumb Code    80  stm32h7xx_hal.o(i.HAL_Init)
    HAL_InitTick                             0x08005fc1   Thumb Code   128  stm32h7xx_hal_timebase_tim.o(i.HAL_InitTick)
    HAL_MspInit                              0x08006055   Thumb Code    42  stm32h7xx_hal_msp.o(i.HAL_MspInit)
    HAL_NVIC_EnableIRQ                       0x08006085   Thumb Code    40  stm32h7xx_hal_cortex.o(i.HAL_NVIC_EnableIRQ)
    HAL_NVIC_SetPriority                     0x080060ad   Thumb Code   122  stm32h7xx_hal_cortex.o(i.HAL_NVIC_SetPriority)
    HAL_NVIC_SetPriorityGrouping             0x08006129   Thumb Code    32  stm32h7xx_hal_cortex.o(i.HAL_NVIC_SetPriorityGrouping)
    HAL_PWREx_ConfigSupply                   0x08006151   Thumb Code    90  stm32h7xx_hal_pwr_ex.o(i.HAL_PWREx_ConfigSupply)
    HAL_RCCEx_GetD3PCLK1Freq                 0x080061b1   Thumb Code    26  stm32h7xx_hal_rcc_ex.o(i.HAL_RCCEx_GetD3PCLK1Freq)
    HAL_RCCEx_GetPLL2ClockFreq               0x080061d5   Thumb Code   536  stm32h7xx_hal_rcc_ex.o(i.HAL_RCCEx_GetPLL2ClockFreq)
    HAL_RCCEx_GetPLL3ClockFreq               0x08006405   Thumb Code   536  stm32h7xx_hal_rcc_ex.o(i.HAL_RCCEx_GetPLL3ClockFreq)
    HAL_RCCEx_PeriphCLKConfig                0x08006635   Thumb Code  3272  stm32h7xx_hal_rcc_ex.o(i.HAL_RCCEx_PeriphCLKConfig)
    HAL_RCC_ClockConfig                      0x080072fd   Thumb Code   774  stm32h7xx_hal_rcc.o(i.HAL_RCC_ClockConfig)
    HAL_RCC_GetClockConfig                   0x0800761d   Thumb Code    98  stm32h7xx_hal_rcc.o(i.HAL_RCC_GetClockConfig)
    HAL_RCC_GetHCLKFreq                      0x08007689   Thumb Code    60  stm32h7xx_hal_rcc.o(i.HAL_RCC_GetHCLKFreq)
    HAL_RCC_GetPCLK1Freq                     0x080076d5   Thumb Code    26  stm32h7xx_hal_rcc.o(i.HAL_RCC_GetPCLK1Freq)
    HAL_RCC_GetPCLK2Freq                     0x080076f9   Thumb Code    26  stm32h7xx_hal_rcc.o(i.HAL_RCC_GetPCLK2Freq)
    HAL_RCC_GetSysClockFreq                  0x0800771d   Thumb Code   524  stm32h7xx_hal_rcc.o(i.HAL_RCC_GetSysClockFreq)
    HAL_RCC_OscConfig                        0x08007949   Thumb Code  1874  stm32h7xx_hal_rcc.o(i.HAL_RCC_OscConfig)
    HAL_SPI_ErrorCallback                    0x080080a5   Thumb Code     2  stm32h7xx_hal_spi.o(i.HAL_SPI_ErrorCallback)
    HAL_SPI_IRQHandler                       0x080080a9   Thumb Code   654  stm32h7xx_hal_spi.o(i.HAL_SPI_IRQHandler)
    HAL_SPI_Init                             0x0800833d   Thumb Code   420  stm32h7xx_hal_spi.o(i.HAL_SPI_Init)
    HAL_SPI_MspInit                          0x080084ed   Thumb Code   474  spi.o(i.HAL_SPI_MspInit)
    HAL_SPI_RxCpltCallback                   0x080086ed   Thumb Code     2  stm32h7xx_hal_spi.o(i.HAL_SPI_RxCpltCallback)
    HAL_SPI_SuspendCallback                  0x080086ef   Thumb Code     2  stm32h7xx_hal_spi.o(i.HAL_SPI_SuspendCallback)
    HAL_SPI_Transmit                         0x080086f1   Thumb Code   692  stm32h7xx_hal_spi.o(i.HAL_SPI_Transmit)
    HAL_SPI_TransmitReceive                  0x080089a5   Thumb Code  1094  stm32h7xx_hal_spi.o(i.HAL_SPI_TransmitReceive)
    HAL_SPI_TxCpltCallback                   0x08008df9   Thumb Code     2  stm32h7xx_hal_spi.o(i.HAL_SPI_TxCpltCallback)
    HAL_SPI_TxRxCpltCallback                 0x08008dfb   Thumb Code     2  stm32h7xx_hal_spi.o(i.HAL_SPI_TxRxCpltCallback)
    HAL_SYSCFG_AnalogSwitchConfig            0x08008dfd   Thumb Code    14  stm32h7xx_hal.o(i.HAL_SYSCFG_AnalogSwitchConfig)
    HAL_TIMEx_Break2Callback                 0x08008e11   Thumb Code     2  stm32h7xx_hal_tim_ex.o(i.HAL_TIMEx_Break2Callback)
    HAL_TIMEx_BreakCallback                  0x08008e13   Thumb Code     2  stm32h7xx_hal_tim_ex.o(i.HAL_TIMEx_BreakCallback)
    HAL_TIMEx_CommutCallback                 0x08008e15   Thumb Code     2  stm32h7xx_hal_tim_ex.o(i.HAL_TIMEx_CommutCallback)
    HAL_TIMEx_MasterConfigSynchronization    0x08008e19   Thumb Code   190  stm32h7xx_hal_tim_ex.o(i.HAL_TIMEx_MasterConfigSynchronization)
    HAL_TIM_Base_Init                        0x08008efd   Thumb Code   110  stm32h7xx_hal_tim.o(i.HAL_TIM_Base_Init)
    HAL_TIM_Base_MspInit                     0x08008f6d   Thumb Code    40  tim.o(i.HAL_TIM_Base_MspInit)
    HAL_TIM_Base_Start                       0x08008f9d   Thumb Code   150  stm32h7xx_hal_tim.o(i.HAL_TIM_Base_Start)
    HAL_TIM_Base_Start_IT                    0x0800905d   Thumb Code   162  stm32h7xx_hal_tim.o(i.HAL_TIM_Base_Start_IT)
    HAL_TIM_ConfigClockSource                0x08009129   Thumb Code   304  stm32h7xx_hal_tim.o(i.HAL_TIM_ConfigClockSource)
    HAL_TIM_IC_CaptureCallback               0x0800925d   Thumb Code     2  stm32h7xx_hal_tim.o(i.HAL_TIM_IC_CaptureCallback)
    HAL_TIM_IRQHandler                       0x0800925f   Thumb Code   408  stm32h7xx_hal_tim.o(i.HAL_TIM_IRQHandler)
    HAL_TIM_OC_DelayElapsedCallback          0x080093f7   Thumb Code     2  stm32h7xx_hal_tim.o(i.HAL_TIM_OC_DelayElapsedCallback)
    HAL_TIM_PWM_PulseFinishedCallback        0x080093f9   Thumb Code     2  stm32h7xx_hal_tim.o(i.HAL_TIM_PWM_PulseFinishedCallback)
    HAL_TIM_PeriodElapsedCallback            0x080093fd   Thumb Code    18  main.o(i.HAL_TIM_PeriodElapsedCallback)
    HAL_TIM_TriggerCallback                  0x08009415   Thumb Code     2  stm32h7xx_hal_tim.o(i.HAL_TIM_TriggerCallback)
    HAL_UARTEx_DisableFifoMode               0x08009417   Thumb Code    78  stm32h7xx_hal_uart_ex.o(i.HAL_UARTEx_DisableFifoMode)
    HAL_UARTEx_ReceiveToIdle_DMA             0x08009465   Thumb Code    98  stm32h7xx_hal_uart_ex.o(i.HAL_UARTEx_ReceiveToIdle_DMA)
    HAL_UARTEx_RxEventCallback               0x080094c9   Thumb Code    62  uart_bsp.o(i.HAL_UARTEx_RxEventCallback)
    HAL_UARTEx_RxFifoFullCallback            0x08009519   Thumb Code     2  stm32h7xx_hal_uart_ex.o(i.HAL_UARTEx_RxFifoFullCallback)
    HAL_UARTEx_SetRxFifoThreshold            0x0800951b   Thumb Code    94  stm32h7xx_hal_uart_ex.o(i.HAL_UARTEx_SetRxFifoThreshold)
    HAL_UARTEx_SetTxFifoThreshold            0x08009579   Thumb Code    94  stm32h7xx_hal_uart_ex.o(i.HAL_UARTEx_SetTxFifoThreshold)
    HAL_UARTEx_TxFifoEmptyCallback           0x080095d7   Thumb Code     2  stm32h7xx_hal_uart_ex.o(i.HAL_UARTEx_TxFifoEmptyCallback)
    HAL_UARTEx_WakeupCallback                0x080095d9   Thumb Code     2  stm32h7xx_hal_uart_ex.o(i.HAL_UARTEx_WakeupCallback)
    HAL_UART_ErrorCallback                   0x080095dd   Thumb Code    32  uart_bsp.o(i.HAL_UART_ErrorCallback)
    HAL_UART_IRQHandler                      0x08009609   Thumb Code  1206  stm32h7xx_hal_uart.o(i.HAL_UART_IRQHandler)
    HAL_UART_Init                            0x08009abf   Thumb Code   120  stm32h7xx_hal_uart.o(i.HAL_UART_Init)
    HAL_UART_MspInit                         0x08009b39   Thumb Code   270  usart.o(i.HAL_UART_MspInit)
    HAL_UART_RxCpltCallback                  0x08009c61   Thumb Code     2  stm32h7xx_hal_uart.o(i.HAL_UART_RxCpltCallback)
    HAL_UART_RxHalfCpltCallback              0x08009c63   Thumb Code     2  stm32h7xx_hal_uart.o(i.HAL_UART_RxHalfCpltCallback)
    HAL_UART_TxCpltCallback                  0x08009c65   Thumb Code     2  stm32h7xx_hal_uart.o(i.HAL_UART_TxCpltCallback)
    Handle_date                              0x08009d99   Thumb Code    80  uart_bsp.o(i.Handle_date)
    HardFault_Handler                        0x08009df1   Thumb Code     4  stm32h7xx_it.o(i.HardFault_Handler)
    JUMP_Function                            0x08009df5   Thumb Code   610  chassis_control.o(i.JUMP_Function)
    Kalman_Filter_Init                       0x0800a079   Thumb Code  1800  kalman_filter.o(i.Kalman_Filter_Init)
    Kalman_Filter_Measure                    0x0800a785   Thumb Code    74  kalman_filter.o(i.Kalman_Filter_Measure)
    Kalman_Filter_P_Update                   0x0800a7d5   Thumb Code   104  kalman_filter.o(i.Kalman_Filter_P_Update)
    Kalman_Filter_PminusUpdate               0x0800a83d   Thumb Code   104  kalman_filter.o(i.Kalman_Filter_PminusUpdate)
    Kalman_Filter_SetK                       0x0800a8a5   Thumb Code   210  kalman_filter.o(i.Kalman_Filter_SetK)
    Kalman_Filter_Update                     0x0800a979   Thumb Code   292  kalman_filter.o(i.Kalman_Filter_Update)
    Kalman_Filter_xhatMinusUpdate            0x0800aaa1   Thumb Code   124  kalman_filter.o(i.Kalman_Filter_xhatMinusUpdate)
    Kalman_Filter_xhatUpdate                 0x0800ab1d   Thumb Code   134  kalman_filter.o(i.Kalman_Filter_xhatUpdate)
    LEG_Disenable_Motor                      0x0800aba5   Thumb Code    36  bsp_can.o(i.LEG_Disenable_Motor)
    LEG_Enable_Motor                         0x0800abcd   Thumb Code    30  bsp_can.o(i.LEG_Enable_Motor)
    LEG_Motor_Analysis                       0x0800abf1   Thumb Code   156  bsp_can.o(i.LEG_Motor_Analysis)
    LEG_Motor_move_control                   0x0800ac9d   Thumb Code   278  bsp_can.o(i.LEG_Motor_move_control)
    LEG_Set_ZeroPos                          0x0800adc5   Thumb Code    52  bsp_can.o(i.LEG_Set_ZeroPos)
    Led_FLASH                                0x0800adfd   Thumb Code    84  ws2812.o(i.Led_FLASH)
    Leg_Can_EXT_Send                         0x0800ae51   Thumb Code    60  bsp_can.o(i.Leg_Can_EXT_Send)
    Limit_Min                                0x0800ae8d   Thumb Code    20  chassis_control.o(i.Limit_Min)
    MX_DMA_Init                              0x0800aea1   Thumb Code    80  dma.o(i.MX_DMA_Init)
    MX_FDCAN1_Init                           0x0800aef5   Thumb Code   120  fdcan.o(i.MX_FDCAN1_Init)
    MX_FDCAN2_Init                           0x0800af75   Thumb Code   122  fdcan.o(i.MX_FDCAN2_Init)
    MX_FDCAN3_Init                           0x0800aff9   Thumb Code   124  fdcan.o(i.MX_FDCAN3_Init)
    MX_FREERTOS_Init                         0x0800b07d   Thumb Code    54  freertos.o(i.MX_FREERTOS_Init)
    MX_GPIO_Init                             0x0800b0c1   Thumb Code   322  gpio.o(i.MX_GPIO_Init)
    MX_SPI2_Init                             0x0800b215   Thumb Code    90  spi.o(i.MX_SPI2_Init)
    MX_SPI6_Init                             0x0800b279   Thumb Code    90  spi.o(i.MX_SPI6_Init)
    MX_TIM4_Init                             0x0800b2dd   Thumb Code   110  tim.o(i.MX_TIM4_Init)
    MX_UART5_Init                            0x0800b355   Thumb Code   102  usart.o(i.MX_UART5_Init)
    MahonyAHRSupdateIMU                      0x0800b3c5   Thumb Code   726  mahonyahrs.o(i.MahonyAHRSupdateIMU)
    MemManage_Handler                        0x0800b6bd   Thumb Code     4  stm32h7xx_it.o(i.MemManage_Handler)
    NMI_Handler                              0x0800b6c1   Thumb Code     4  stm32h7xx_it.o(i.NMI_Handler)
    PID_struct_init                          0x0800b6c5   Thumb Code    68  pid.o(i.PID_struct_init)
    Ramp_Function                            0x0800b9d9   Thumb Code   130  chassis_control.o(i.Ramp_Function)
    SPI2_IRQHandler                          0x0800ba75   Thumb Code    10  stm32h7xx_it.o(i.SPI2_IRQHandler)
    Send_Hip_Motor                           0x0800bbd5   Thumb Code   196  chassis_control.o(i.Send_Hip_Motor)
    Set_ChassisMotor_Current                 0x0800bcad   Thumb Code   122  bsp_can.o(i.Set_ChassisMotor_Current)
    Start_DM_Motor                           0x0800bd29   Thumb Code   570  chassis_control.o(i.Start_DM_Motor)
    SysTick_Handler                          0x0800bf91   Thumb Code    46  port.o(i.SysTick_Handler)
    SystemClock_Config                       0x0800bfc5   Thumb Code   178  main.o(i.SystemClock_Config)
    SystemInit                               0x0800c07d   Thumb Code   236  system_stm32h7xx.o(i.SystemInit)
    TIM23_IRQHandler                         0x0800c189   Thumb Code    10  stm32h7xx_it.o(i.TIM23_IRQHandler)
    TIM_Base_SetConfig                       0x0800c199   Thumb Code   190  stm32h7xx_hal_tim.o(i.TIM_Base_SetConfig)
    TIM_ETR_SetConfig                        0x0800c281   Thumb Code    22  stm32h7xx_hal_tim.o(i.TIM_ETR_SetConfig)
    UART5_IRQHandler                         0x0800c301   Thumb Code    20  stm32h7xx_it.o(i.UART5_IRQHandler)
    UART_AdvFeatureConfig                    0x0800c375   Thumb Code   248  stm32h7xx_hal_uart.o(i.UART_AdvFeatureConfig)
    UART_CheckIdleState                      0x0800c46d   Thumb Code   234  stm32h7xx_hal_uart.o(i.UART_CheckIdleState)
    UART_SetConfig                           0x0800c779   Thumb Code  1558  stm32h7xx_hal_uart.o(i.UART_SetConfig)
    UART_Start_Receive_DMA                   0x0800cda1   Thumb Code   186  stm32h7xx_hal_uart.o(i.UART_Start_Receive_DMA)
    UART_WaitOnFlagUntilTimeout              0x0800ce69   Thumb Code   172  stm32h7xx_hal_uart.o(i.UART_WaitOnFlagUntilTimeout)
    UsageFault_Handler                       0x0800cf15   Thumb Code     4  stm32h7xx_it.o(i.UsageFault_Handler)
    VM_cal                                   0x0800cf19   Thumb Code   638  lqr_vmc.o(i.VM_cal)
    WS2812_Ctrl                              0x0800d1c1   Thumb Code   170  ws2812.o(i.WS2812_Ctrl)
    __ARM_fpclassify                         0x0800d271   Thumb Code    48  fpclassify.o(i.__ARM_fpclassify)
    __ARM_fpclassifyf                        0x0800d2a1   Thumb Code    38  fpclassifyf.o(i.__ARM_fpclassifyf)
    __hardfp_asinf                           0x0800d301   Thumb Code   258  asinf.o(i.__hardfp_asinf)
    __hardfp_atan                            0x0800d439   Thumb Code   402  atan.o(i.__hardfp_atan)
    __hardfp_atan2                           0x0800d639   Thumb Code   392  atan2.o(i.__hardfp_atan2)
    __hardfp_atan2f                          0x0800d801   Thumb Code   594  atan2f.o(i.__hardfp_atan2f)
    __hardfp_cos                             0x0800dab9   Thumb Code   158  cos.o(i.__hardfp_cos)
    __hardfp_sin                             0x0800db69   Thumb Code   158  sin.o(i.__hardfp_sin)
    __hardfp_sqrt                            0x0800dc19   Thumb Code   102  sqrt.o(i.__hardfp_sqrt)
    __ieee754_rem_pio2                       0x0800dc81   Thumb Code   646  rred.o(i.__ieee754_rem_pio2)
    __kernel_cos                             0x0800df91   Thumb Code   182  cos_i.o(i.__kernel_cos)
    __kernel_poly                            0x0800e071   Thumb Code   112  poly.o(i.__kernel_poly)
    __kernel_sin                             0x0800e0e1   Thumb Code   144  sin_i.o(i.__kernel_sin)
    __mathlib_dbl_infnan                     0x0800e189   Thumb Code     6  dunder.o(i.__mathlib_dbl_infnan)
    __mathlib_dbl_infnan2                    0x0800e18f   Thumb Code     6  dunder.o(i.__mathlib_dbl_infnan2)
    __mathlib_dbl_invalid                    0x0800e199   Thumb Code    10  dunder.o(i.__mathlib_dbl_invalid)
    __mathlib_dbl_underflow                  0x0800e1b1   Thumb Code    10  dunder.o(i.__mathlib_dbl_underflow)
    __mathlib_flt_infnan                     0x0800e1c9   Thumb Code     6  funder.o(i.__mathlib_flt_infnan)
    __mathlib_flt_infnan2                    0x0800e1cf   Thumb Code     6  funder.o(i.__mathlib_flt_infnan2)
    __mathlib_flt_invalid                    0x0800e1d5   Thumb Code    10  funder.o(i.__mathlib_flt_invalid)
    __mathlib_flt_underflow                  0x0800e1e5   Thumb Code    10  funder.o(i.__mathlib_flt_underflow)
    __scatterload_copy                       0x0800e1f5   Thumb Code    14  handlers.o(i.__scatterload_copy)
    __scatterload_null                       0x0800e203   Thumb Code     2  handlers.o(i.__scatterload_null)
    __scatterload_zeroinit                   0x0800e205   Thumb Code    14  handlers.o(i.__scatterload_zeroinit)
    __set_errno                              0x0800e215   Thumb Code     6  errno.o(i.__set_errno)
    abs_limit                                0x0800e221   Thumb Code    48  user_lib.o(i.abs_limit)
    atan                                     0x0800e251   Thumb Code    16  atan.o(i.atan)
    bmi088_accel_init                        0x0800e261   Thumb Code   290  bmi088driver.o(i.bmi088_accel_init)
    bmi088_gyro_init                         0x0800e389   Thumb Code   238  bmi088driver.o(i.bmi088_gyro_init)
    bsp_can_init                             0x0800e47d   Thumb Code    56  bsp_can.o(i.bsp_can_init)
    can_filter_init                          0x0800e4c1   Thumb Code   150  bsp_can.o(i.can_filter_init)
    delay_init                               0x0800e565   Thumb Code    32  bsp_delay.o(i.delay_init)
    delay_us                                 0x0800e595   Thumb Code    76  bsp_delay.o(i.delay_us)
    fabs                                     0x0800e5e5   Thumb Code    24  fabs.o(i.fabs)
    fdcan1_rx_callback                       0x0800e5fd   Thumb Code    14  bsp_can.o(i.fdcan1_rx_callback)
    fdcan2_rx_callback                       0x0800e619   Thumb Code    14  bsp_can.o(i.fdcan2_rx_callback)
    fdcan3_rx_callback                       0x0800e635   Thumb Code    14  bsp_can.o(i.fdcan3_rx_callback)
    float_to_uint                            0x0800e651   Thumb Code    80  bsp_can.o(i.float_to_uint)
    getEncoderData                           0x0800e6a1   Thumb Code    14  bsp_can.o(i.getEncoderData)
    get_dphi0                                0x0800e6b1   Thumb Code  3666  lqr_vmc.o(i.get_dphi0)
    get_legparam                             0x0800f505   Thumb Code   338  lqr_vmc.o(i.get_legparam)
    ins_task_fun                             0x0800f681   Thumb Code   542  imu_task.o(i.ins_task_fun)
    invSqrt                                  0x0800f915   Thumb Code    56  mahonyahrs.o(i.invSqrt)
    lqr_k                                    0x0800f951   Thumb Code   474  lqr_vmc.o(i.lqr_k)
    main                                     0x0800fcad   Thumb Code   120  main.o(i.main)
    malloc                                   0x0800fd3d   Thumb Code    92  malloc.o(i.malloc)
    osDelay                                  0x0800fda9   Thumb Code    24  cmsis_os.o(i.osDelay)
    osKernelStart                            0x0800fdc1   Thumb Code    10  cmsis_os.o(i.osKernelStart)
    osThreadCreate                           0x0800fdcb   Thumb Code    94  cmsis_os.o(i.osThreadCreate)
    pid_calc                                 0x0800fe29   Thumb Code   598  pid.o(i.pid_calc)
    pvPortMalloc                             0x08010ad9   Thumb Code   306  heap_4.o(i.pvPortMalloc)
    pxPortInitialiseStack                    0x08010c25   Thumb Code    38  port.o(i.pxPortInitialiseStack)
    sbus_frame_parse                         0x08010c51   Thumb Code   140  uart_bsp.o(i.sbus_frame_parse)
    sqrtf                                    0x08010cdd   Thumb Code    62  sqrtf.o(i.sqrtf)
    uint16_to_float                          0x08010d1b   Thumb Code    52  bsp_can.o(i.uint16_to_float)
    uxListRemove                             0x08010d4f   Thumb Code    40  list.o(i.uxListRemove)
    vApplicationGetIdleTaskMemory            0x08010d79   Thumb Code    14  freertos.o(i.vApplicationGetIdleTaskMemory)
    vApplicationGetTimerTaskMemory           0x08010d91   Thumb Code    16  freertos.o(i.vApplicationGetTimerTaskMemory)
    vListInitialise                          0x08010da9   Thumb Code    26  list.o(i.vListInitialise)
    vListInitialiseItem                      0x08010dc3   Thumb Code     6  list.o(i.vListInitialiseItem)
    vListInsert                              0x08010dc9   Thumb Code    52  list.o(i.vListInsert)
    vListInsertEnd                           0x08010dfd   Thumb Code    24  list.o(i.vListInsertEnd)
    vPortEnterCritical                       0x08010e15   Thumb Code    76  port.o(i.vPortEnterCritical)
    vPortExitCritical                        0x08010e69   Thumb Code    56  port.o(i.vPortExitCritical)
    vPortFree                                0x08010ea5   Thumb Code   150  heap_4.o(i.vPortFree)
    vPortSetupTimerInterrupt                 0x08010f49   Thumb Code    36  port.o(i.vPortSetupTimerInterrupt)
    vPortValidateInterruptPriority           0x08010f71   Thumb Code   106  port.o(i.vPortValidateInterruptPriority)
    vQueueAddToRegistry                      0x08010fe9   Thumb Code    38  queue.o(i.vQueueAddToRegistry)
    vQueueWaitForMessageRestricted           0x08011015   Thumb Code    74  queue.o(i.vQueueWaitForMessageRestricted)
    vTaskDelay                               0x08011061   Thumb Code    82  tasks.o(i.vTaskDelay)
    vTaskInternalSetTimeOutState             0x080110bd   Thumb Code    14  tasks.o(i.vTaskInternalSetTimeOutState)
    vTaskMissedYield                         0x080110d5   Thumb Code     8  tasks.o(i.vTaskMissedYield)
    vTaskPlaceOnEventList                    0x080110e1   Thumb Code    52  tasks.o(i.vTaskPlaceOnEventList)
    vTaskPlaceOnEventListRestricted          0x08011119   Thumb Code    60  tasks.o(i.vTaskPlaceOnEventListRestricted)
    vTaskStartScheduler                      0x08011159   Thumb Code   156  tasks.o(i.vTaskStartScheduler)
    vTaskSuspendAll                          0x08011211   Thumb Code    12  tasks.o(i.vTaskSuspendAll)
    vTaskSwitchContext                       0x08011221   Thumb Code   118  tasks.o(i.vTaskSwitchContext)
    xPortStartScheduler                      0x080112ad   Thumb Code   330  port.o(i.xPortStartScheduler)
    xQueueGenericCreateStatic                0x08011415   Thumb Code   224  queue.o(i.xQueueGenericCreateStatic)
    xQueueGenericReset                       0x080114f5   Thumb Code   146  queue.o(i.xQueueGenericReset)
    xQueueGenericSend                        0x0801158d   Thumb Code   420  queue.o(i.xQueueGenericSend)
    xQueueGenericSendFromISR                 0x08011735   Thumb Code   252  queue.o(i.xQueueGenericSendFromISR)
    xQueueReceive                            0x08011831   Thumb Code   356  queue.o(i.xQueueReceive)
    xTaskCheckForTimeOut                     0x08011999   Thumb Code   132  tasks.o(i.xTaskCheckForTimeOut)
    xTaskCreate                              0x08011a25   Thumb Code   100  tasks.o(i.xTaskCreate)
    xTaskCreateStatic                        0x08011a89   Thumb Code   186  tasks.o(i.xTaskCreateStatic)
    xTaskGetSchedulerState                   0x08011b45   Thumb Code    24  tasks.o(i.xTaskGetSchedulerState)
    xTaskGetTickCount                        0x08011b65   Thumb Code     6  tasks.o(i.xTaskGetTickCount)
    xTaskIncrementTick                       0x08011b71   Thumb Code   282  tasks.o(i.xTaskIncrementTick)
    xTaskPriorityDisinherit                  0x08011cb9   Thumb Code   188  tasks.o(i.xTaskPriorityDisinherit)
    xTaskRemoveFromEventList                 0x08011d81   Thumb Code   128  tasks.o(i.xTaskRemoveFromEventList)
    xTaskResumeAll                           0x08011e19   Thumb Code   224  tasks.o(i.xTaskResumeAll)
    xTimerCreateTimerTask                    0x08011f1d   Thumb Code   100  timers.o(i.xTimerCreateTimerTask)
    xTimerGenericCommand                     0x08011f95   Thumb Code   126  timers.o(i.xTimerGenericCommand)
    xvEstimateKF_Init                        0x08012019   Thumb Code    92  chassis_control.o(i.xvEstimateKF_Init)
    xvEstimateKF_Update                      0x08012089   Thumb Code   100  chassis_control.o(i.xvEstimateKF_Update)
    UARTPrescTable                           0x08012194   Data          24  stm32h7xx_hal_uart.o(.constdata)
    D1CorePrescTable                         0x080121bc   Data          16  system_stm32h7xx.o(.constdata)
    xb                                       0x080121cc   Data          12  imu_task.o(.constdata)
    yb                                       0x080121d8   Data          12  imu_task.o(.constdata)
    zb                                       0x080121e4   Data          12  imu_task.o(.constdata)
    vaEstimateKF_H                           0x080121fc   Data          16  chassis_control.o(.constdata)
    __mathlib_zero                           0x080122d8   Data           8  qnan.o(.constdata)
    sinTable_f32                             0x080123ec   Data        2052  arm_common_tables.o(.rodata.sinTable_f32)
    Region$$Table$$Base                      0x08012bf0   Number         0  anon$$obj.o(Region$$Table)
    Region$$Table$$Limit                     0x08012c20   Number         0  anon$$obj.o(Region$$Table)
    defaultTaskHandle                        0x24000000   Data           4  freertos.o(.data)
    ins_taskHandle                           0x24000004   Data           4  freertos.o(.data)
    Chassis_taskHandle                       0x24000008   Data           4  freertos.o(.data)
    uwTick                                   0x24000010   Data           4  stm32h7xx_hal.o(.data)
    uwTickPrio                               0x24000014   Data           4  stm32h7xx_hal.o(.data)
    uwTickFreq                               0x24000018   Data           1  stm32h7xx_hal.o(.data)
    SystemCoreClock                          0x2400001c   Data           4  system_stm32h7xx.o(.data)
    SystemD2Clock                            0x24000020   Data           4  system_stm32h7xx.o(.data)
    time_imu                                 0x24000028   Data           4  imu_task.o(.data)
    YawTotalAngle                            0x2400002c   Data           4  imu_task.o(.data)
    YawAngleLast                             0x24000030   Data           4  imu_task.o(.data)
    YawRoundCount                            0x24000034   Data           4  imu_task.o(.data)
    Task_DWT_Count                           0x24000038   Data           4  chassis_control.o(.data)
    K_Ratio_L                                0x24000040   Data          96  chassis_control.o(.data)
    K_Ratio_R                                0x240000a0   Data          96  chassis_control.o(.data)
    vaEstimateKF_F                           0x24000100   Data          16  chassis_control.o(.data)
    vaEstimateKF_P                           0x24000110   Data          16  chassis_control.o(.data)
    vaEstimateKF_Q                           0x24000120   Data          16  chassis_control.o(.data)
    vaEstimateKF_R                           0x24000130   Data          16  chassis_control.o(.data)
    vel_acc                                  0x24000140   Data           8  chassis_control.o(.data)
    send_left                                0x24000148   Data           2  chassis_control.o(.data)
    send_right                               0x2400014a   Data           2  chassis_control.o(.data)
    remoter                                  0x2400014c   Data           4  chassis_control.o(.data)
    start_finish                             0x24000150   Data           1  chassis_control.o(.data)
    start_flag                               0x24000152   Data           2  chassis_control.o(.data)
    Resetcnt                                 0x24000154   Data           4  chassis_control.o(.data)
    StopFlag                                 0x24000158   Data           4  chassis_control.o(.data)
    start_f                                  0x2400015c   Data           4  chassis_control.o(.data)
    vlb                                      0x24000160   Data           4  chassis_control.o(.data)
    vrb                                      0x24000164   Data           4  chassis_control.o(.data)
    dt                                       0x24000168   Data           4  chassis_control.o(.data)
    t1                                       0x2400016c   Data           4  chassis_control.o(.data)
    t2                                       0x24000170   Data           4  chassis_control.o(.data)
    chassis_mode                             0x24000174   Data           1  chassis_control.o(.data)
    BMI088_ACCEL_SEN                         0x24000190   Data           4  bmi088driver.o(.data)
    BMI088_GYRO_SEN                          0x24000194   Data           4  bmi088driver.o(.data)
    b                                        0x240001bc   Data           4  bsp_can.o(.data)
    rec_id3                                  0x240001c0   Data           2  bsp_can.o(.data)
    rx_data3                                 0x240001c2   Data           8  bsp_can.o(.data)
    rec_id1                                  0x240001cc   Data           4  bsp_can.o(.data)
    rx_data1                                 0x240001d0   Data           8  bsp_can.o(.data)
    rec_id2                                  0x240001d8   Data           4  bsp_can.o(.data)
    rx_data2                                 0x240001dc   Data           8  bsp_can.o(.data)
    SysTime                                  0x240001e8   Data           8  bsp_dwt.o(.data)
    CYCCNT64                                 0x24000208   Data           8  bsp_dwt.o(.data)
    pxCurrentTCB                             0x24000230   Data           4  tasks.o(.data)
    twoKp                                    0x240002ac   Data           4  mahonyahrs.o(.data)
    twoKi                                    0x240002b0   Data           4  mahonyahrs.o(.data)
    integralFBx                              0x240002b4   Data           4  mahonyahrs.o(.data)
    integralFBy                              0x240002b8   Data           4  mahonyahrs.o(.data)
    integralFBz                              0x240002bc   Data           4  mahonyahrs.o(.data)
    sizeof_float                             0x240002c0   Data           2  kalman_filter.o(.data)
    sizeof_double                            0x240002c2   Data           2  kalman_filter.o(.data)
    __microlib_freelist                      0x240002c4   Data           4  mvars.o(.data)
    __microlib_freelist_initialised          0x240002c8   Data           4  mvars.o(.data)
    hfdcan1                                  0x24000988   Data         160  fdcan.o(.bss)
    hfdcan2                                  0x24000a28   Data         160  fdcan.o(.bss)
    hfdcan3                                  0x24000ac8   Data         160  fdcan.o(.bss)
    hspi2                                    0x24000b68   Data         136  spi.o(.bss)
    hspi6                                    0x24000bf0   Data         136  spi.o(.bss)
    hdma_spi2_rx                             0x24000c78   Data         120  spi.o(.bss)
    hdma_spi2_tx                             0x24000cf0   Data         120  spi.o(.bss)
    htim4                                    0x24000d68   Data          76  tim.o(.bss)
    huart5                                   0x24000db4   Data         148  usart.o(.bss)
    hdma_uart5_rx                            0x24000e48   Data         120  usart.o(.bss)
    htim23                                   0x24000ec0   Data          76  stm32h7xx_hal_timebase_tim.o(.bss)
    gyro                                     0x24000f0c   Data          12  imu_task.o(.bss)
    gyro_raw                                 0x24000f18   Data          12  imu_task.o(.bss)
    acc                                      0x24000f24   Data          12  imu_task.o(.bss)
    gyro_zero_out                            0x24000f30   Data          12  imu_task.o(.bss)
    imuQuat                                  0x24000f3c   Data          16  imu_task.o(.bss)
    imuAngle                                 0x24000f4c   Data          12  imu_task.o(.bss)
    xn                                       0x24000f58   Data          12  imu_task.o(.bss)
    yn                                       0x24000f64   Data          12  imu_task.o(.bss)
    zn                                       0x24000f70   Data          12  imu_task.o(.bss)
    MotionAccel_b                            0x24000f7c   Data          12  imu_task.o(.bss)
    MotionAccel_n                            0x24000f88   Data          12  imu_task.o(.bss)
    vaEstimateKF                             0x24000f94   Data         308  chassis_control.o(.bss)
    vaEstimateKF_K                           0x240010c8   Data          16  chassis_control.o(.bss)
    Leg_L                                    0x240010d8   Data         360  leg_task.o(.bss)
    Leg_R                                    0x24001240   Data         360  leg_task.o(.bss)
    Body                                     0x240013a8   Data         512  leg_task.o(.bss)
    target_speed                             0x240015a8   Data          40  leg_task.o(.bss)
    motor_right                              0x240015d0   Data          72  bsp_can.o(.bss)
    motor_left                               0x24001618   Data          72  bsp_can.o(.bss)
    leg_right1                               0x24001660   Data          32  bsp_can.o(.bss)
    leg_right2                               0x24001680   Data          32  bsp_can.o(.bss)
    leg_left1                                0x240016a0   Data          32  bsp_can.o(.bss)
    leg_left2                                0x240016c0   Data          32  bsp_can.o(.bss)
    rx_buff                                  0x240016e0   Data          32  uart_bsp.o(.bss)
    xQueueRegistry                           0x24001734   Data          64  queue.o(.bss)
    __heap_base                              0x24001958   Data           0  startup_stm32h723xx.o(HEAP)
    __heap_limit                             0x24001b58   Data           0  startup_stm32h723xx.o(HEAP)
    __initial_sp                             0x24001f58   Data           0  startup_stm32h723xx.o(STACK)



==============================================================================

Memory Map of the image

  Image Entry point : 0x080002cd

  Load Region LR_IROM1 (Base: 0x08000000, Size: 0x00012ef0, Max: 0x00100000, ABSOLUTE, COMPRESSED[0x00012c8c])

    Execution Region ER_IROM1 (Exec base: 0x08000000, Load base: 0x08000000, Size: 0x00012c20, Max: 0x00100000, ABSOLUTE)

    Exec Addr    Load Addr    Size         Type   Attr      Idx    E Section Name        Object

    0x08000000   0x08000000   0x000002cc   Data   RO            3    RESET               startup_stm32h723xx.o
    0x080002cc   0x080002cc   0x00000000   Code   RO         9166  * .ARM.Collect$$$$00000000  mc_w.l(entry.o)
    0x080002cc   0x080002cc   0x00000004   Code   RO         9296    .ARM.Collect$$$$00000001  mc_w.l(entry2.o)
    0x080002d0   0x080002d0   0x00000004   Code   RO         9299    .ARM.Collect$$$$00000004  mc_w.l(entry5.o)
    0x080002d4   0x080002d4   0x00000000   Code   RO         9301    .ARM.Collect$$$$00000008  mc_w.l(entry7b.o)
    0x080002d4   0x080002d4   0x00000000   Code   RO         9303    .ARM.Collect$$$$0000000A  mc_w.l(entry8b.o)
    0x080002d4   0x080002d4   0x00000008   Code   RO         9304    .ARM.Collect$$$$0000000B  mc_w.l(entry9a.o)
    0x080002dc   0x080002dc   0x00000004   Code   RO         9311    .ARM.Collect$$$$0000000E  mc_w.l(entry12b.o)
    0x080002e0   0x080002e0   0x00000000   Code   RO         9306    .ARM.Collect$$$$0000000F  mc_w.l(entry10a.o)
    0x080002e0   0x080002e0   0x00000000   Code   RO         9308    .ARM.Collect$$$$00000011  mc_w.l(entry11a.o)
    0x080002e0   0x080002e0   0x00000004   Code   RO         9297    .ARM.Collect$$$$00002712  mc_w.l(entry2.o)
    0x080002e4   0x080002e4   0x000000be   Code   RO         8584    .emb_text           port.o
    0x080003a2   0x080003a2   0x00000002   PAD
    0x080003a4   0x080003a4   0x00000024   Code   RO            4    .text               startup_stm32h723xx.o
    0x080003c8   0x080003c8   0x00000062   Code   RO         9169    .text               mc_w.l(uldiv.o)
    0x0800042a   0x0800042a   0x00000024   Code   RO         9171    .text               mc_w.l(memcpya.o)
    0x0800044e   0x0800044e   0x00000024   Code   RO         9175    .text               mc_w.l(memseta.o)
    0x08000472   0x08000472   0x000000b0   Code   RO         9207    .text               mf_w.l(fadd.o)
    0x08000522   0x08000522   0x00000064   Code   RO         9209    .text               mf_w.l(fmul.o)
    0x08000586   0x08000586   0x0000007c   Code   RO         9211    .text               mf_w.l(fdiv.o)
    0x08000602   0x08000602   0x0000001c   Code   RO         9213    .text               mf_w.l(fcmple.o)
    0x0800061e   0x0800061e   0x0000001c   Code   RO         9215    .text               mf_w.l(fcmplt.o)
    0x0800063a   0x0800063a   0x0000001c   Code   RO         9217    .text               mf_w.l(fcmpgt.o)
    0x08000656   0x08000656   0x0000001c   Code   RO         9219    .text               mf_w.l(fcmpeq.o)
    0x08000672   0x08000672   0x00000012   Code   RO         9221    .text               mf_w.l(fflti.o)
    0x08000684   0x08000684   0x0000000a   Code   RO         9223    .text               mf_w.l(ffltui.o)
    0x0800068e   0x0800068e   0x00000032   Code   RO         9225    .text               mf_w.l(ffixi.o)
    0x080006c0   0x080006c0   0x00000028   Code   RO         9227    .text               mf_w.l(ffixui.o)
    0x080006e8   0x080006e8   0x0000001e   Code   RO         9312    .text               mc_w.l(llshl.o)
    0x08000706   0x08000706   0x00000020   Code   RO         9314    .text               mc_w.l(llushr.o)
    0x08000726   0x08000726   0x00000000   Code   RO         9325    .text               mc_w.l(iusefp.o)
    0x08000726   0x08000726   0x0000006e   Code   RO         9326    .text               mf_w.l(fepilogue.o)
    0x08000794   0x08000794   0x00000024   Code   RO         9328    .text               mc_w.l(init.o)
    0x080007b8   0x080007b8   0x00000056   Code   RO         9338    .text               mc_w.l(__dczerorl2.o)
    0x0800080e   0x0800080e   0x000000a8   Code   RO         8917    .text.arm_cos_f32   arm_cortexM7l_math.lib(arm_cos_f32.o)
    0x080008b6   0x080008b6   0x00000002   PAD
    0x080008b8   0x080008b8   0x000000ac   Code   RO         8927    .text.arm_mat_add_f32  arm_cortexM7l_math.lib(arm_mat_add_f32.o)
    0x08000964   0x08000964   0x00000008   Code   RO         8937    .text.arm_mat_init_f32  arm_cortexM7l_math.lib(arm_mat_init_f32.o)
    0x0800096c   0x0800096c   0x000002d2   Code   RO         8946    .text.arm_mat_inverse_f32  arm_cortexM7l_math.lib(arm_mat_inverse_f32.o)
    0x08000c3e   0x08000c3e   0x00000002   PAD
    0x08000c40   0x08000c40   0x0000017e   Code   RO         8956    .text.arm_mat_mult_f32  arm_cortexM7l_math.lib(arm_mat_mult_f32.o)
    0x08000dbe   0x08000dbe   0x00000002   PAD
    0x08000dc0   0x08000dc0   0x000000ac   Code   RO         8966    .text.arm_mat_sub_f32  arm_cortexM7l_math.lib(arm_mat_sub_f32.o)
    0x08000e6c   0x08000e6c   0x000000b4   Code   RO         8976    .text.arm_mat_trans_f32  arm_cortexM7l_math.lib(arm_mat_trans_f32.o)
    0x08000f20   0x08000f20   0x00000028   Code   RO         5996    i.AHRS_init         imu_task.o
    0x08000f48   0x08000f48   0x00000040   Code   RO         5997    i.AHRS_update       imu_task.o
    0x08000f88   0x08000f88   0x00000014   Code   RO         6506    i.BMI088_ACCEL_NS_H  bmi088middleware.o
    0x08000f9c   0x08000f9c   0x00000014   Code   RO         6507    i.BMI088_ACCEL_NS_L  bmi088middleware.o
    0x08000fb0   0x08000fb0   0x00000002   Code   RO         6508    i.BMI088_GPIO_init  bmi088middleware.o
    0x08000fb2   0x08000fb2   0x00000002   PAD
    0x08000fb4   0x08000fb4   0x00000014   Code   RO         6509    i.BMI088_GYRO_NS_H  bmi088middleware.o
    0x08000fc8   0x08000fc8   0x00000014   Code   RO         6510    i.BMI088_GYRO_NS_L  bmi088middleware.o
    0x08000fdc   0x08000fdc   0x00000002   Code   RO         6511    i.BMI088_com_init   bmi088middleware.o
    0x08000fde   0x08000fde   0x0000001a   Code   RO         6512    i.BMI088_delay_ms   bmi088middleware.o
    0x08000ff8   0x08000ff8   0x00000034   Code   RO         6513    i.BMI088_delay_us   bmi088middleware.o
    0x0800102c   0x0800102c   0x0000001c   Code   RO         6437    i.BMI088_init       bmi088driver.o
    0x08001048   0x08001048   0x0000017c   Code   RO         6438    i.BMI088_read       bmi088driver.o
    0x080011c4   0x080011c4   0x00000026   Code   RO         6439    i.BMI088_read_muli_reg  bmi088driver.o
    0x080011ea   0x080011ea   0x00000018   Code   RO         6440    i.BMI088_read_single_reg  bmi088driver.o
    0x08001202   0x08001202   0x00000002   PAD
    0x08001204   0x08001204   0x00000020   Code   RO         6514    i.BMI088_read_write_byte  bmi088middleware.o
    0x08001224   0x08001224   0x00000014   Code   RO         6441    i.BMI088_write_single_reg  bmi088driver.o
    0x08001238   0x08001238   0x0000015a   Code   RO         5998    i.BodyFrameToEarthFrame  imu_task.o
    0x08001392   0x08001392   0x00000004   Code   RO          725    i.BusFault_Handler  stm32h7xx_it.o
    0x08001396   0x08001396   0x00000002   PAD
    0x08001398   0x08001398   0x00000050   Code   RO         6613    i.CanReceiveMsgProcess  bsp_can.o
    0x080013e8   0x080013e8   0x00000060   Code   RO         6083    i.Chassis_Control   chassis_control.o
    0x08001448   0x08001448   0x000002a4   Code   RO         6084    i.Chassis_Down      chassis_control.o
    0x080016ec   0x080016ec   0x00000174   Code   RO         6085    i.Chassis_Init      chassis_control.o
    0x08001860   0x08001860   0x000005b0   Code   RO         6086    i.Chassis_Normol    chassis_control.o
    0x08001e10   0x08001e10   0x000000fc   Code   RO         6087    i.Chassis_State_Control  chassis_control.o
    0x08001f0c   0x08001f0c   0x000003bc   Code   RO         6088    i.Chassis_State_Update  chassis_control.o
    0x080022c8   0x080022c8   0x00000080   Code   RO         6089    i.Chassis_Switch    chassis_control.o
    0x08002348   0x08002348   0x00000108   Code   RO         6090    i.Chassis_Weak      chassis_control.o
    0x08002450   0x08002450   0x000000e8   Code   RO         6256    i.Chassis_cal       leg_task.o
    0x08002538   0x08002538   0x00000010   Code   RO          726    i.DMA1_Stream0_IRQHandler  stm32h7xx_it.o
    0x08002548   0x08002548   0x00000010   Code   RO          727    i.DMA1_Stream1_IRQHandler  stm32h7xx_it.o
    0x08002558   0x08002558   0x00000010   Code   RO          728    i.DMA1_Stream2_IRQHandler  stm32h7xx_it.o
    0x08002568   0x08002568   0x000000ec   Code   RO         2812    i.DMA_CalcBaseAndBitshift  stm32h7xx_hal_dma.o
    0x08002654   0x08002654   0x000000c4   Code   RO         2813    i.DMA_CalcDMAMUXChannelBaseAndMask  stm32h7xx_hal_dma.o
    0x08002718   0x08002718   0x00000098   Code   RO         2814    i.DMA_CalcDMAMUXRequestGenBaseAndMask  stm32h7xx_hal_dma.o
    0x080027b0   0x080027b0   0x000000ae   Code   RO         2815    i.DMA_CheckFifoParam  stm32h7xx_hal_dma.o
    0x0800285e   0x0800285e   0x00000002   PAD
    0x08002860   0x08002860   0x00000274   Code   RO         2816    i.DMA_SetConfig     stm32h7xx_hal_dma.o
    0x08002ad4   0x08002ad4   0x00000030   Code   RO         6875    i.DWT_CNT_Update    bsp_dwt.o
    0x08002b04   0x08002b04   0x0000004c   Code   RO         6877    i.DWT_GetDeltaT     bsp_dwt.o
    0x08002b50   0x08002b50   0x00000068   Code   RO         6882    i.DWT_Init          bsp_dwt.o
    0x08002bb8   0x08002bb8   0x00000002   Code   RO          729    i.DebugMon_Handler  stm32h7xx_it.o
    0x08002bba   0x08002bba   0x00000002   PAD
    0x08002bbc   0x08002bbc   0x0000008c   Code   RO         6614    i.EXT_CanReceiveMsgProcess  bsp_can.o
    0x08002c48   0x08002c48   0x0000015a   Code   RO         5999    i.EarthFrameToBodyFrame  imu_task.o
    0x08002da2   0x08002da2   0x00000006   Code   RO           13    i.Error_Handler     main.o
    0x08002da8   0x08002da8   0x00000010   Code   RO          730    i.FDCAN1_IT0_IRQHandler  stm32h7xx_it.o
    0x08002db8   0x08002db8   0x00000010   Code   RO          731    i.FDCAN2_IT0_IRQHandler  stm32h7xx_it.o
    0x08002dc8   0x08002dc8   0x00000010   Code   RO          732    i.FDCAN3_IT0_IRQHandler  stm32h7xx_it.o
    0x08002dd8   0x08002dd8   0x00000220   Code   RO         4453    i.FDCAN_CalcultateRamBlockAddresses  stm32h7xx_hal_fdcan.o
    0x08002ff8   0x08002ff8   0x000000d0   Code   RO         4454    i.FDCAN_CopyMessageToRAM  stm32h7xx_hal_fdcan.o
    0x080030c8   0x080030c8   0x0000016c   Code   RO         6257    i.FN_Cale           leg_task.o
    0x08003234   0x08003234   0x000000dc   Code   RO         6000    i.GetAngle          imu_task.o
    0x08003310   0x08003310   0x00000008   Code   RO         6806    i.Get_remoter_Sbus  uart_bsp.o
    0x08003318   0x08003318   0x000004dc   Code   RO         2817    i.HAL_DMA_Abort     stm32h7xx_hal_dma.o
    0x080037f4   0x080037f4   0x00000398   Code   RO         2818    i.HAL_DMA_Abort_IT  stm32h7xx_hal_dma.o
    0x08003b8c   0x08003b8c   0x00000af8   Code   RO         2822    i.HAL_DMA_IRQHandler  stm32h7xx_hal_dma.o
    0x08004684   0x08004684   0x00000514   Code   RO         2823    i.HAL_DMA_Init      stm32h7xx_hal_dma.o
    0x08004b98   0x08004b98   0x000003e0   Code   RO         2827    i.HAL_DMA_Start_IT  stm32h7xx_hal_dma.o
    0x08004f78   0x08004f78   0x000000a8   Code   RO         4456    i.HAL_FDCAN_ActivateNotification  stm32h7xx_hal_fdcan.o
    0x08005020   0x08005020   0x00000090   Code   RO         4458    i.HAL_FDCAN_AddMessageToTxFifoQ  stm32h7xx_hal_fdcan.o
    0x080050b0   0x080050b0   0x00000002   Code   RO         4459    i.HAL_FDCAN_ClockCalibrationCallback  stm32h7xx_hal_fdcan.o
    0x080050b2   0x080050b2   0x0000006c   Code   RO         4462    i.HAL_FDCAN_ConfigFifoWatermark  stm32h7xx_hal_fdcan.o
    0x0800511e   0x0800511e   0x000000a8   Code   RO         4463    i.HAL_FDCAN_ConfigFilter  stm32h7xx_hal_fdcan.o
    0x080051c6   0x080051c6   0x00000034   Code   RO         4464    i.HAL_FDCAN_ConfigGlobalFilter  stm32h7xx_hal_fdcan.o
    0x080051fa   0x080051fa   0x00000002   Code   RO         4485    i.HAL_FDCAN_ErrorCallback  stm32h7xx_hal_fdcan.o
    0x080051fc   0x080051fc   0x00000002   Code   RO         4486    i.HAL_FDCAN_ErrorStatusCallback  stm32h7xx_hal_fdcan.o
    0x080051fe   0x080051fe   0x00000002   PAD
    0x08005200   0x08005200   0x000001f4   Code   RO         4497    i.HAL_FDCAN_GetRxMessage  stm32h7xx_hal_fdcan.o
    0x080053f4   0x080053f4   0x00000002   Code   RO         4503    i.HAL_FDCAN_HighPriorityMessageCallback  stm32h7xx_hal_fdcan.o
    0x080053f6   0x080053f6   0x00000002   PAD
    0x080053f8   0x080053f8   0x000003d4   Code   RO         4504    i.HAL_FDCAN_IRQHandler  stm32h7xx_hal_fdcan.o
    0x080057cc   0x080057cc   0x000002e0   Code   RO         4505    i.HAL_FDCAN_Init    stm32h7xx_hal_fdcan.o
    0x08005aac   0x08005aac   0x0000020c   Code   RO          539    i.HAL_FDCAN_MspInit  fdcan.o
    0x08005cb8   0x08005cb8   0x00000002   Code   RO         4514    i.HAL_FDCAN_RxBufferNewMessageCallback  stm32h7xx_hal_fdcan.o
    0x08005cba   0x08005cba   0x00000002   PAD
    0x08005cbc   0x08005cbc   0x00000024   Code   RO         6622    i.HAL_FDCAN_RxFifo0Callback  bsp_can.o
    0x08005ce0   0x08005ce0   0x00000018   Code   RO         6623    i.HAL_FDCAN_RxFifo1Callback  bsp_can.o
    0x08005cf8   0x08005cf8   0x00000034   Code   RO         4517    i.HAL_FDCAN_Start   stm32h7xx_hal_fdcan.o
    0x08005d2c   0x08005d2c   0x00000002   Code   RO         4539    i.HAL_FDCAN_TT_GlobalTimeCallback  stm32h7xx_hal_fdcan.o
    0x08005d2e   0x08005d2e   0x00000002   Code   RO         4540    i.HAL_FDCAN_TT_ScheduleSyncCallback  stm32h7xx_hal_fdcan.o
    0x08005d30   0x08005d30   0x00000002   Code   RO         4545    i.HAL_FDCAN_TT_StopWatchCallback  stm32h7xx_hal_fdcan.o
    0x08005d32   0x08005d32   0x00000002   Code   RO         4546    i.HAL_FDCAN_TT_TimeMarkCallback  stm32h7xx_hal_fdcan.o
    0x08005d34   0x08005d34   0x00000002   Code   RO         4547    i.HAL_FDCAN_TimeoutOccurredCallback  stm32h7xx_hal_fdcan.o
    0x08005d36   0x08005d36   0x00000002   Code   RO         4548    i.HAL_FDCAN_TimestampWraparoundCallback  stm32h7xx_hal_fdcan.o
    0x08005d38   0x08005d38   0x00000002   Code   RO         4549    i.HAL_FDCAN_TxBufferAbortCallback  stm32h7xx_hal_fdcan.o
    0x08005d3a   0x08005d3a   0x00000002   Code   RO         4550    i.HAL_FDCAN_TxBufferCompleteCallback  stm32h7xx_hal_fdcan.o
    0x08005d3c   0x08005d3c   0x00000002   Code   RO         4551    i.HAL_FDCAN_TxEventFifoCallback  stm32h7xx_hal_fdcan.o
    0x08005d3e   0x08005d3e   0x00000002   Code   RO         4552    i.HAL_FDCAN_TxFifoEmptyCallback  stm32h7xx_hal_fdcan.o
    0x08005d40   0x08005d40   0x000001f0   Code   RO         2665    i.HAL_GPIO_Init     stm32h7xx_hal_gpio.o
    0x08005f30   0x08005f30   0x0000000c   Code   RO         2669    i.HAL_GPIO_WritePin  stm32h7xx_hal_gpio.o
    0x08005f3c   0x08005f3c   0x0000000c   Code   RO         3530    i.HAL_GetTick       stm32h7xx_hal.o
    0x08005f48   0x08005f48   0x00000018   Code   RO         3536    i.HAL_IncTick       stm32h7xx_hal.o
    0x08005f60   0x08005f60   0x00000060   Code   RO         3537    i.HAL_Init          stm32h7xx_hal.o
    0x08005fc0   0x08005fc0   0x00000094   Code   RO          865    i.HAL_InitTick      stm32h7xx_hal_timebase_tim.o
    0x08006054   0x08006054   0x00000030   Code   RO          841    i.HAL_MspInit       stm32h7xx_hal_msp.o
    0x08006084   0x08006084   0x00000028   Code   RO         1942    i.HAL_NVIC_EnableIRQ  stm32h7xx_hal_cortex.o
    0x080060ac   0x080060ac   0x0000007a   Code   RO         1948    i.HAL_NVIC_SetPriority  stm32h7xx_hal_cortex.o
    0x08006126   0x08006126   0x00000002   PAD
    0x08006128   0x08006128   0x00000028   Code   RO         1949    i.HAL_NVIC_SetPriorityGrouping  stm32h7xx_hal_cortex.o
    0x08006150   0x08006150   0x00000060   Code   RO         3266    i.HAL_PWREx_ConfigSupply  stm32h7xx_hal_pwr_ex.o
    0x080061b0   0x080061b0   0x00000024   Code   RO         2208    i.HAL_RCCEx_GetD3PCLK1Freq  stm32h7xx_hal_rcc_ex.o
    0x080061d4   0x080061d4   0x00000230   Code   RO         2210    i.HAL_RCCEx_GetPLL2ClockFreq  stm32h7xx_hal_rcc_ex.o
    0x08006404   0x08006404   0x00000230   Code   RO         2211    i.HAL_RCCEx_GetPLL3ClockFreq  stm32h7xx_hal_rcc_ex.o
    0x08006634   0x08006634   0x00000cc8   Code   RO         2217    i.HAL_RCCEx_PeriphCLKConfig  stm32h7xx_hal_rcc_ex.o
    0x080072fc   0x080072fc   0x00000320   Code   RO         2093    i.HAL_RCC_ClockConfig  stm32h7xx_hal_rcc.o
    0x0800761c   0x0800761c   0x0000006c   Code   RO         2097    i.HAL_RCC_GetClockConfig  stm32h7xx_hal_rcc.o
    0x08007688   0x08007688   0x0000004c   Code   RO         2098    i.HAL_RCC_GetHCLKFreq  stm32h7xx_hal_rcc.o
    0x080076d4   0x080076d4   0x00000024   Code   RO         2100    i.HAL_RCC_GetPCLK1Freq  stm32h7xx_hal_rcc.o
    0x080076f8   0x080076f8   0x00000024   Code   RO         2101    i.HAL_RCC_GetPCLK2Freq  stm32h7xx_hal_rcc.o
    0x0800771c   0x0800771c   0x0000022c   Code   RO         2102    i.HAL_RCC_GetSysClockFreq  stm32h7xx_hal_rcc.o
    0x08007948   0x08007948   0x0000075c   Code   RO         2105    i.HAL_RCC_OscConfig  stm32h7xx_hal_rcc.o
    0x080080a4   0x080080a4   0x00000002   Code   RO         5078    i.HAL_SPI_ErrorCallback  stm32h7xx_hal_spi.o
    0x080080a6   0x080080a6   0x00000002   PAD
    0x080080a8   0x080080a8   0x00000294   Code   RO         5081    i.HAL_SPI_IRQHandler  stm32h7xx_hal_spi.o
    0x0800833c   0x0800833c   0x000001b0   Code   RO         5082    i.HAL_SPI_Init      stm32h7xx_hal_spi.o
    0x080084ec   0x080084ec   0x00000200   Code   RO          594    i.HAL_SPI_MspInit   spi.o
    0x080086ec   0x080086ec   0x00000002   Code   RO         5088    i.HAL_SPI_RxCpltCallback  stm32h7xx_hal_spi.o
    0x080086ee   0x080086ee   0x00000002   Code   RO         5090    i.HAL_SPI_SuspendCallback  stm32h7xx_hal_spi.o
    0x080086f0   0x080086f0   0x000002b4   Code   RO         5091    i.HAL_SPI_Transmit  stm32h7xx_hal_spi.o
    0x080089a4   0x080089a4   0x00000454   Code   RO         5092    i.HAL_SPI_TransmitReceive  stm32h7xx_hal_spi.o
    0x08008df8   0x08008df8   0x00000002   Code   RO         5097    i.HAL_SPI_TxCpltCallback  stm32h7xx_hal_spi.o
    0x08008dfa   0x08008dfa   0x00000002   Code   RO         5099    i.HAL_SPI_TxRxCpltCallback  stm32h7xx_hal_spi.o
    0x08008dfc   0x08008dfc   0x00000014   Code   RO         3544    i.HAL_SYSCFG_AnalogSwitchConfig  stm32h7xx_hal.o
    0x08008e10   0x08008e10   0x00000002   Code   RO         1631    i.HAL_TIMEx_Break2Callback  stm32h7xx_hal_tim_ex.o
    0x08008e12   0x08008e12   0x00000002   Code   RO         1632    i.HAL_TIMEx_BreakCallback  stm32h7xx_hal_tim_ex.o
    0x08008e14   0x08008e14   0x00000002   Code   RO         1633    i.HAL_TIMEx_CommutCallback  stm32h7xx_hal_tim_ex.o
    0x08008e16   0x08008e16   0x00000002   PAD
    0x08008e18   0x08008e18   0x000000e4   Code   RO         1654    i.HAL_TIMEx_MasterConfigSynchronization  stm32h7xx_hal_tim_ex.o
    0x08008efc   0x08008efc   0x0000006e   Code   RO          906    i.HAL_TIM_Base_Init  stm32h7xx_hal_tim.o
    0x08008f6a   0x08008f6a   0x00000002   PAD
    0x08008f6c   0x08008f6c   0x00000030   Code   RO          642    i.HAL_TIM_Base_MspInit  tim.o
    0x08008f9c   0x08008f9c   0x000000c0   Code   RO          909    i.HAL_TIM_Base_Start  stm32h7xx_hal_tim.o
    0x0800905c   0x0800905c   0x000000cc   Code   RO          911    i.HAL_TIM_Base_Start_IT  stm32h7xx_hal_tim.o
    0x08009128   0x08009128   0x00000134   Code   RO          915    i.HAL_TIM_ConfigClockSource  stm32h7xx_hal_tim.o
    0x0800925c   0x0800925c   0x00000002   Code   RO          940    i.HAL_TIM_IC_CaptureCallback  stm32h7xx_hal_tim.o
    0x0800925e   0x0800925e   0x00000198   Code   RO          954    i.HAL_TIM_IRQHandler  stm32h7xx_hal_tim.o
    0x080093f6   0x080093f6   0x00000002   Code   RO          957    i.HAL_TIM_OC_DelayElapsedCallback  stm32h7xx_hal_tim.o
    0x080093f8   0x080093f8   0x00000002   Code   RO          984    i.HAL_TIM_PWM_PulseFinishedCallback  stm32h7xx_hal_tim.o
    0x080093fa   0x080093fa   0x00000002   PAD
    0x080093fc   0x080093fc   0x00000018   Code   RO           14    i.HAL_TIM_PeriodElapsedCallback  main.o
    0x08009414   0x08009414   0x00000002   Code   RO          997    i.HAL_TIM_TriggerCallback  stm32h7xx_hal_tim.o
    0x08009416   0x08009416   0x0000004e   Code   RO         5830    i.HAL_UARTEx_DisableFifoMode  stm32h7xx_hal_uart_ex.o
    0x08009464   0x08009464   0x00000062   Code   RO         5836    i.HAL_UARTEx_ReceiveToIdle_DMA  stm32h7xx_hal_uart_ex.o
    0x080094c6   0x080094c6   0x00000002   PAD
    0x080094c8   0x080094c8   0x00000050   Code   RO         6807    i.HAL_UARTEx_RxEventCallback  uart_bsp.o
    0x08009518   0x08009518   0x00000002   Code   RO         5838    i.HAL_UARTEx_RxFifoFullCallback  stm32h7xx_hal_uart_ex.o
    0x0800951a   0x0800951a   0x0000005e   Code   RO         5839    i.HAL_UARTEx_SetRxFifoThreshold  stm32h7xx_hal_uart_ex.o
    0x08009578   0x08009578   0x0000005e   Code   RO         5840    i.HAL_UARTEx_SetTxFifoThreshold  stm32h7xx_hal_uart_ex.o
    0x080095d6   0x080095d6   0x00000002   Code   RO         5842    i.HAL_UARTEx_TxFifoEmptyCallback  stm32h7xx_hal_uart_ex.o
    0x080095d8   0x080095d8   0x00000002   Code   RO         5843    i.HAL_UARTEx_WakeupCallback  stm32h7xx_hal_uart_ex.o
    0x080095da   0x080095da   0x00000002   PAD
    0x080095dc   0x080095dc   0x0000002c   Code   RO         6808    i.HAL_UART_ErrorCallback  uart_bsp.o
    0x08009608   0x08009608   0x000004b6   Code   RO         5433    i.HAL_UART_IRQHandler  stm32h7xx_hal_uart.o
    0x08009abe   0x08009abe   0x00000078   Code   RO         5434    i.HAL_UART_Init     stm32h7xx_hal_uart.o
    0x08009b36   0x08009b36   0x00000002   PAD
    0x08009b38   0x08009b38   0x00000128   Code   RO          684    i.HAL_UART_MspInit  usart.o
    0x08009c60   0x08009c60   0x00000002   Code   RO         5441    i.HAL_UART_RxCpltCallback  stm32h7xx_hal_uart.o
    0x08009c62   0x08009c62   0x00000002   Code   RO         5442    i.HAL_UART_RxHalfCpltCallback  stm32h7xx_hal_uart.o
    0x08009c64   0x08009c64   0x00000002   Code   RO         5446    i.HAL_UART_TxCpltCallback  stm32h7xx_hal_uart.o
    0x08009c66   0x08009c66   0x00000002   PAD
    0x08009c68   0x08009c68   0x00000130   Code   RO         8776    i.H_K_R_Adjustment  kalman_filter.o
    0x08009d98   0x08009d98   0x00000058   Code   RO         6809    i.Handle_date       uart_bsp.o
    0x08009df0   0x08009df0   0x00000004   Code   RO          733    i.HardFault_Handler  stm32h7xx_it.o
    0x08009df4   0x08009df4   0x00000284   Code   RO         6091    i.JUMP_Function     chassis_control.o
    0x0800a078   0x0800a078   0x0000070c   Code   RO         8777    i.Kalman_Filter_Init  kalman_filter.o
    0x0800a784   0x0800a784   0x00000050   Code   RO         8778    i.Kalman_Filter_Measure  kalman_filter.o
    0x0800a7d4   0x0800a7d4   0x00000068   Code   RO         8779    i.Kalman_Filter_P_Update  kalman_filter.o
    0x0800a83c   0x0800a83c   0x00000068   Code   RO         8780    i.Kalman_Filter_PminusUpdate  kalman_filter.o
    0x0800a8a4   0x0800a8a4   0x000000d2   Code   RO         8781    i.Kalman_Filter_SetK  kalman_filter.o
    0x0800a976   0x0800a976   0x00000002   PAD
    0x0800a978   0x0800a978   0x00000128   Code   RO         8782    i.Kalman_Filter_Update  kalman_filter.o
    0x0800aaa0   0x0800aaa0   0x0000007c   Code   RO         8783    i.Kalman_Filter_xhatMinusUpdate  kalman_filter.o
    0x0800ab1c   0x0800ab1c   0x00000086   Code   RO         8784    i.Kalman_Filter_xhatUpdate  kalman_filter.o
    0x0800aba2   0x0800aba2   0x00000002   PAD
    0x0800aba4   0x0800aba4   0x00000028   Code   RO         6624    i.LEG_Disenable_Motor  bsp_can.o
    0x0800abcc   0x0800abcc   0x00000024   Code   RO         6625    i.LEG_Enable_Motor  bsp_can.o
    0x0800abf0   0x0800abf0   0x000000ac   Code   RO         6626    i.LEG_Motor_Analysis  bsp_can.o
    0x0800ac9c   0x0800ac9c   0x00000128   Code   RO         6627    i.LEG_Motor_move_control  bsp_can.o
    0x0800adc4   0x0800adc4   0x00000038   Code   RO         6629    i.LEG_Set_ZeroPos   bsp_can.o
    0x0800adfc   0x0800adfc   0x00000054   Code   RO         6579    i.Led_FLASH         ws2812.o
    0x0800ae50   0x0800ae50   0x0000003c   Code   RO         6630    i.Leg_Can_EXT_Send  bsp_can.o
    0x0800ae8c   0x0800ae8c   0x00000014   Code   RO         6092    i.Limit_Min         chassis_control.o
    0x0800aea0   0x0800aea0   0x00000054   Code   RO          511    i.MX_DMA_Init       dma.o
    0x0800aef4   0x0800aef4   0x00000080   Code   RO          540    i.MX_FDCAN1_Init    fdcan.o
    0x0800af74   0x0800af74   0x00000084   Code   RO          541    i.MX_FDCAN2_Init    fdcan.o
    0x0800aff8   0x0800aff8   0x00000084   Code   RO          542    i.MX_FDCAN3_Init    fdcan.o
    0x0800b07c   0x0800b07c   0x00000044   Code   RO          411    i.MX_FREERTOS_Init  freertos.o
    0x0800b0c0   0x0800b0c0   0x00000154   Code   RO          270    i.MX_GPIO_Init      gpio.o
    0x0800b214   0x0800b214   0x00000064   Code   RO          595    i.MX_SPI2_Init      spi.o
    0x0800b278   0x0800b278   0x00000064   Code   RO          596    i.MX_SPI6_Init      spi.o
    0x0800b2dc   0x0800b2dc   0x00000078   Code   RO          643    i.MX_TIM4_Init      tim.o
    0x0800b354   0x0800b354   0x00000070   Code   RO          685    i.MX_UART5_Init     usart.o
    0x0800b3c4   0x0800b3c4   0x000002f8   Code   RO         8662    i.MahonyAHRSupdateIMU  mahonyahrs.o
    0x0800b6bc   0x0800b6bc   0x00000004   Code   RO          734    i.MemManage_Handler  stm32h7xx_it.o
    0x0800b6c0   0x0800b6c0   0x00000004   Code   RO          735    i.NMI_Handler       stm32h7xx_it.o
    0x0800b6c4   0x0800b6c4   0x0000004c   Code   RO         6364    i.PID_struct_init   pid.o
    0x0800b710   0x0800b710   0x00000164   Code   RO         2220    i.RCCEx_PLL2_Config  stm32h7xx_hal_rcc_ex.o
    0x0800b874   0x0800b874   0x00000164   Code   RO         2221    i.RCCEx_PLL3_Config  stm32h7xx_hal_rcc_ex.o
    0x0800b9d8   0x0800b9d8   0x0000009c   Code   RO         6093    i.Ramp_Function     chassis_control.o
    0x0800ba74   0x0800ba74   0x00000010   Code   RO          736    i.SPI2_IRQHandler   stm32h7xx_it.o
    0x0800ba84   0x0800ba84   0x000000d6   Code   RO         5102    i.SPI_CloseTransfer  stm32h7xx_hal_spi.o
    0x0800bb5a   0x0800bb5a   0x0000001c   Code   RO         5103    i.SPI_DMAAbortOnError  stm32h7xx_hal_spi.o
    0x0800bb76   0x0800bb76   0x0000001a   Code   RO         5113    i.SPI_GetPacketSize  stm32h7xx_hal_spi.o
    0x0800bb90   0x0800bb90   0x00000042   Code   RO         5120    i.SPI_WaitOnFlagUntilTimeout  stm32h7xx_hal_spi.o
    0x0800bbd2   0x0800bbd2   0x00000002   PAD
    0x0800bbd4   0x0800bbd4   0x000000d8   Code   RO         6095    i.Send_Hip_Motor    chassis_control.o
    0x0800bcac   0x0800bcac   0x0000007a   Code   RO         6631    i.Set_ChassisMotor_Current  bsp_can.o
    0x0800bd26   0x0800bd26   0x00000002   PAD
    0x0800bd28   0x0800bd28   0x00000268   Code   RO         6096    i.Start_DM_Motor    chassis_control.o
    0x0800bf90   0x0800bf90   0x00000034   Code   RO         8585    i.SysTick_Handler   port.o
    0x0800bfc4   0x0800bfc4   0x000000b8   Code   RO           15    i.SystemClock_Config  main.o
    0x0800c07c   0x0800c07c   0x0000010c   Code   RO         5955    i.SystemInit        system_stm32h7xx.o
    0x0800c188   0x0800c188   0x00000010   Code   RO          737    i.TIM23_IRQHandler  stm32h7xx_it.o
    0x0800c198   0x0800c198   0x000000e8   Code   RO          999    i.TIM_Base_SetConfig  stm32h7xx_hal_tim.o
    0x0800c280   0x0800c280   0x00000016   Code   RO         1010    i.TIM_ETR_SetConfig  stm32h7xx_hal_tim.o
    0x0800c296   0x0800c296   0x00000002   PAD
    0x0800c298   0x0800c298   0x00000018   Code   RO         1011    i.TIM_ITRx_SetConfig  stm32h7xx_hal_tim.o
    0x0800c2b0   0x0800c2b0   0x00000026   Code   RO         1019    i.TIM_TI1_ConfigInputStage  stm32h7xx_hal_tim.o
    0x0800c2d6   0x0800c2d6   0x00000028   Code   RO         1021    i.TIM_TI2_ConfigInputStage  stm32h7xx_hal_tim.o
    0x0800c2fe   0x0800c2fe   0x00000002   PAD
    0x0800c300   0x0800c300   0x0000001c   Code   RO          738    i.UART5_IRQHandler  stm32h7xx_it.o
    0x0800c31c   0x0800c31c   0x00000058   Code   RO         5844    i.UARTEx_SetNbDataToProcess  stm32h7xx_hal_uart_ex.o
    0x0800c374   0x0800c374   0x000000f8   Code   RO         5448    i.UART_AdvFeatureConfig  stm32h7xx_hal_uart.o
    0x0800c46c   0x0800c46c   0x000000ea   Code   RO         5449    i.UART_CheckIdleState  stm32h7xx_hal_uart.o
    0x0800c556   0x0800c556   0x00000014   Code   RO         5450    i.UART_DMAAbortOnError  stm32h7xx_hal_uart.o
    0x0800c56a   0x0800c56a   0x0000005e   Code   RO         5451    i.UART_DMAError     stm32h7xx_hal_uart.o
    0x0800c5c8   0x0800c5c8   0x000000ae   Code   RO         5452    i.UART_DMAReceiveCplt  stm32h7xx_hal_uart.o
    0x0800c676   0x0800c676   0x00000026   Code   RO         5454    i.UART_DMARxHalfCplt  stm32h7xx_hal_uart.o
    0x0800c69c   0x0800c69c   0x0000006c   Code   RO         5460    i.UART_EndRxTransfer  stm32h7xx_hal_uart.o
    0x0800c708   0x0800c708   0x00000030   Code   RO         5461    i.UART_EndTransmit_IT  stm32h7xx_hal_uart.o
    0x0800c738   0x0800c738   0x00000040   Code   RO         5462    i.UART_EndTxTransfer  stm32h7xx_hal_uart.o
    0x0800c778   0x0800c778   0x00000628   Code   RO         5467    i.UART_SetConfig    stm32h7xx_hal_uart.o
    0x0800cda0   0x0800cda0   0x000000c8   Code   RO         5468    i.UART_Start_Receive_DMA  stm32h7xx_hal_uart.o
    0x0800ce68   0x0800ce68   0x000000ac   Code   RO         5474    i.UART_WaitOnFlagUntilTimeout  stm32h7xx_hal_uart.o
    0x0800cf14   0x0800cf14   0x00000004   Code   RO          739    i.UsageFault_Handler  stm32h7xx_it.o
    0x0800cf18   0x0800cf18   0x000002a8   Code   RO         6305    i.VM_cal            lqr_vmc.o
    0x0800d1c0   0x0800d1c0   0x000000b0   Code   RO         6580    i.WS2812_Ctrl       ws2812.o
    0x0800d270   0x0800d270   0x00000030   Code   RO         9252    i.__ARM_fpclassify  m_wv.l(fpclassify.o)
    0x0800d2a0   0x0800d2a0   0x00000026   Code   RO         9254    i.__ARM_fpclassifyf  m_wv.l(fpclassifyf.o)
    0x0800d2c6   0x0800d2c6   0x00000002   PAD
    0x0800d2c8   0x0800d2c8   0x00000010   Code   RO         1955    i.__NVIC_GetPriorityGrouping  stm32h7xx_hal_cortex.o
    0x0800d2d8   0x0800d2d8   0x00000028   Code   RO         1956    i.__NVIC_SetPriority  stm32h7xx_hal_cortex.o
    0x0800d300   0x0800d300   0x00000138   Code   RO         9080    i.__hardfp_asinf    m_wv.l(asinf.o)
    0x0800d438   0x0800d438   0x00000200   Code   RO         9092    i.__hardfp_atan     m_wv.l(atan.o)
    0x0800d638   0x0800d638   0x000001c8   Code   RO         9106    i.__hardfp_atan2    m_wv.l(atan2.o)
    0x0800d800   0x0800d800   0x000002b4   Code   RO         9118    i.__hardfp_atan2f   m_wv.l(atan2f.o)
    0x0800dab4   0x0800dab4   0x00000004   PAD
    0x0800dab8   0x0800dab8   0x000000b0   Code   RO         9130    i.__hardfp_cos      m_wv.l(cos.o)
    0x0800db68   0x0800db68   0x000000b0   Code   RO         9142    i.__hardfp_sin      m_wv.l(sin.o)
    0x0800dc18   0x0800dc18   0x00000066   Code   RO         9154    i.__hardfp_sqrt     m_wv.l(sqrt.o)
    0x0800dc7e   0x0800dc7e   0x00000002   PAD
    0x0800dc80   0x0800dc80   0x00000310   Code   RO         9273    i.__ieee754_rem_pio2  m_wv.l(rred.o)
    0x0800df90   0x0800df90   0x000000e0   Code   RO         9229    i.__kernel_cos      m_wv.l(cos_i.o)
    0x0800e070   0x0800e070   0x00000070   Code   RO         9270    i.__kernel_poly     m_wv.l(poly.o)
    0x0800e0e0   0x0800e0e0   0x000000a8   Code   RO         9278    i.__kernel_sin      m_wv.l(sin_i.o)
    0x0800e188   0x0800e188   0x00000006   Code   RO         9233    i.__mathlib_dbl_infnan  m_wv.l(dunder.o)
    0x0800e18e   0x0800e18e   0x00000006   Code   RO         9234    i.__mathlib_dbl_infnan2  m_wv.l(dunder.o)
    0x0800e194   0x0800e194   0x00000004   PAD
    0x0800e198   0x0800e198   0x00000018   Code   RO         9235    i.__mathlib_dbl_invalid  m_wv.l(dunder.o)
    0x0800e1b0   0x0800e1b0   0x00000018   Code   RO         9238    i.__mathlib_dbl_underflow  m_wv.l(dunder.o)
    0x0800e1c8   0x0800e1c8   0x00000006   Code   RO         9257    i.__mathlib_flt_infnan  m_wv.l(funder.o)
    0x0800e1ce   0x0800e1ce   0x00000006   Code   RO         9258    i.__mathlib_flt_infnan2  m_wv.l(funder.o)
    0x0800e1d4   0x0800e1d4   0x00000010   Code   RO         9259    i.__mathlib_flt_invalid  m_wv.l(funder.o)
    0x0800e1e4   0x0800e1e4   0x00000010   Code   RO         9262    i.__mathlib_flt_underflow  m_wv.l(funder.o)
    0x0800e1f4   0x0800e1f4   0x0000000e   Code   RO         9332    i.__scatterload_copy  mc_w.l(handlers.o)
    0x0800e202   0x0800e202   0x00000002   Code   RO         9333    i.__scatterload_null  mc_w.l(handlers.o)
    0x0800e204   0x0800e204   0x0000000e   Code   RO         9334    i.__scatterload_zeroinit  mc_w.l(handlers.o)
    0x0800e212   0x0800e212   0x00000002   PAD
    0x0800e214   0x0800e214   0x0000000c   Code   RO         9320    i.__set_errno       mc_w.l(errno.o)
    0x0800e220   0x0800e220   0x00000030   Code   RO         8692    i.abs_limit         user_lib.o
    0x0800e250   0x0800e250   0x00000010   Code   RO         9094    i.atan              m_wv.l(atan.o)
    0x0800e260   0x0800e260   0x00000128   Code   RO         6442    i.bmi088_accel_init  bmi088driver.o
    0x0800e388   0x0800e388   0x000000f4   Code   RO         6443    i.bmi088_gyro_init  bmi088driver.o
    0x0800e47c   0x0800e47c   0x00000044   Code   RO         6632    i.bsp_can_init      bsp_can.o
    0x0800e4c0   0x0800e4c0   0x000000a4   Code   RO         6633    i.can_filter_init   bsp_can.o
    0x0800e564   0x0800e564   0x00000030   Code   RO         6952    i.delay_init        bsp_delay.o
    0x0800e594   0x0800e594   0x00000050   Code   RO         6954    i.delay_us          bsp_delay.o
    0x0800e5e4   0x0800e5e4   0x00000018   Code   RO         9248    i.fabs              m_wv.l(fabs.o)
    0x0800e5fc   0x0800e5fc   0x0000001c   Code   RO         6634    i.fdcan1_rx_callback  bsp_can.o
    0x0800e618   0x0800e618   0x0000001c   Code   RO         6635    i.fdcan2_rx_callback  bsp_can.o
    0x0800e634   0x0800e634   0x0000001c   Code   RO         6636    i.fdcan3_rx_callback  bsp_can.o
    0x0800e650   0x0800e650   0x00000050   Code   RO         6637    i.float_to_uint     bsp_can.o
    0x0800e6a0   0x0800e6a0   0x0000000e   Code   RO         6638    i.getEncoderData    bsp_can.o
    0x0800e6ae   0x0800e6ae   0x00000002   PAD
    0x0800e6b0   0x0800e6b0   0x00000e52   Code   RO         6306    i.get_dphi0         lqr_vmc.o
    0x0800f502   0x0800f502   0x00000002   PAD
    0x0800f504   0x0800f504   0x0000017c   Code   RO         6307    i.get_legparam      lqr_vmc.o
    0x0800f680   0x0800f680   0x00000294   Code   RO         6002    i.ins_task_fun      imu_task.o
    0x0800f914   0x0800f914   0x0000003c   Code   RO         8663    i.invSqrt           mahonyahrs.o
    0x0800f950   0x0800f950   0x0000035c   Code   RO         6308    i.lqr_k             lqr_vmc.o
    0x0800fcac   0x0800fcac   0x00000080   Code   RO           16    i.main              main.o
    0x0800fd2c   0x0800fd2c   0x0000000e   Code   RO         8162    i.makeFreeRtosPriority  cmsis_os.o
    0x0800fd3a   0x0800fd3a   0x00000002   PAD
    0x0800fd3c   0x0800fd3c   0x0000006c   Code   RO         9180    i.malloc            mc_w.l(malloc.o)
    0x0800fda8   0x0800fda8   0x00000018   Code   RO         8164    i.osDelay           cmsis_os.o
    0x0800fdc0   0x0800fdc0   0x0000000a   Code   RO         8167    i.osKernelStart     cmsis_os.o
    0x0800fdca   0x0800fdca   0x0000005e   Code   RO         8201    i.osThreadCreate    cmsis_os.o
    0x0800fe28   0x0800fe28   0x00000264   Code   RO         6366    i.pid_calc          pid.o
    0x0801008c   0x0801008c   0x00000028   Code   RO         6368    i.pid_param_init    pid.o
    0x080100b4   0x080100b4   0x0000000e   Code   RO         6369    i.pid_reset         pid.o
    0x080100c2   0x080100c2   0x00000002   PAD
    0x080100c4   0x080100c4   0x00000098   Code   RO         7630    i.prvAddCurrentTaskToDelayedList  tasks.o
    0x0801015c   0x0801015c   0x000000b8   Code   RO         7631    i.prvAddNewTaskToReadyList  tasks.o
    0x08010214   0x08010214   0x00000074   Code   RO         7994    i.prvCheckForValidListAndQueue  timers.o
    0x08010288   0x08010288   0x00000048   Code   RO         7632    i.prvCheckTasksWaitingTermination  tasks.o
    0x080102d0   0x080102d0   0x0000002a   Code   RO         7232    i.prvCopyDataFromQueue  queue.o
    0x080102fa   0x080102fa   0x0000007e   Code   RO         7233    i.prvCopyDataToQueue  queue.o
    0x08010378   0x08010378   0x00000050   Code   RO         7633    i.prvDeleteTCB      tasks.o
    0x080103c8   0x080103c8   0x00000028   Code   RO         7995    i.prvGetNextExpireTime  timers.o
    0x080103f0   0x080103f0   0x0000007c   Code   RO         8529    i.prvHeapInit       heap_4.o
    0x0801046c   0x0801046c   0x00000028   Code   RO         7634    i.prvIdleTask       tasks.o
    0x08010494   0x08010494   0x0000002a   Code   RO         7236    i.prvInitialiseNewQueue  queue.o
    0x080104be   0x080104be   0x000000be   Code   RO         7635    i.prvInitialiseNewTask  tasks.o
    0x0801057c   0x0801057c   0x00000068   Code   RO         7636    i.prvInitialiseTaskLists  tasks.o
    0x080105e4   0x080105e4   0x00000068   Code   RO         8530    i.prvInsertBlockIntoFreeList  heap_4.o
    0x0801064c   0x0801064c   0x00000058   Code   RO         7997    i.prvInsertTimerInActiveList  timers.o
    0x080106a4   0x080106a4   0x0000001a   Code   RO         7237    i.prvIsQueueEmpty   queue.o
    0x080106be   0x080106be   0x0000001e   Code   RO         7238    i.prvIsQueueFull    queue.o
    0x080106dc   0x080106dc   0x00000074   Code   RO         7998    i.prvProcessExpiredTimer  timers.o
    0x08010750   0x08010750   0x00000138   Code   RO         7999    i.prvProcessReceivedCommands  timers.o
    0x08010888   0x08010888   0x00000074   Code   RO         8000    i.prvProcessTimerOrBlockTask  timers.o
    0x080108fc   0x080108fc   0x00000034   Code   RO         7638    i.prvResetNextTaskUnblockTime  tasks.o
    0x08010930   0x08010930   0x0000002c   Code   RO         8001    i.prvSampleTimeNow  timers.o
    0x0801095c   0x0801095c   0x000000a4   Code   RO         8002    i.prvSwitchTimerLists  timers.o
    0x08010a00   0x08010a00   0x00000040   Code   RO         8586    i.prvTaskExitError  port.o
    0x08010a40   0x08010a40   0x0000001a   Code   RO         8003    i.prvTimerTask      timers.o
    0x08010a5a   0x08010a5a   0x0000007e   Code   RO         7239    i.prvUnlockQueue    queue.o
    0x08010ad8   0x08010ad8   0x0000014c   Code   RO         8531    i.pvPortMalloc      heap_4.o
    0x08010c24   0x08010c24   0x0000002c   Code   RO         8587    i.pxPortInitialiseStack  port.o
    0x08010c50   0x08010c50   0x0000008c   Code   RO         6810    i.sbus_frame_parse  uart_bsp.o
    0x08010cdc   0x08010cdc   0x0000003e   Code   RO         9286    i.sqrtf             m_wv.l(sqrtf.o)
    0x08010d1a   0x08010d1a   0x00000034   Code   RO         6640    i.uint16_to_float   bsp_can.o
    0x08010d4e   0x08010d4e   0x00000028   Code   RO         7192    i.uxListRemove      list.o
    0x08010d76   0x08010d76   0x00000002   PAD
    0x08010d78   0x08010d78   0x00000018   Code   RO          413    i.vApplicationGetIdleTaskMemory  freertos.o
    0x08010d90   0x08010d90   0x00000018   Code   RO          414    i.vApplicationGetTimerTaskMemory  freertos.o
    0x08010da8   0x08010da8   0x0000001a   Code   RO         7193    i.vListInitialise   list.o
    0x08010dc2   0x08010dc2   0x00000006   Code   RO         7194    i.vListInitialiseItem  list.o
    0x08010dc8   0x08010dc8   0x00000034   Code   RO         7195    i.vListInsert       list.o
    0x08010dfc   0x08010dfc   0x00000018   Code   RO         7196    i.vListInsertEnd    list.o
    0x08010e14   0x08010e14   0x00000054   Code   RO         8589    i.vPortEnterCritical  port.o
    0x08010e68   0x08010e68   0x0000003c   Code   RO         8590    i.vPortExitCritical  port.o
    0x08010ea4   0x08010ea4   0x000000a4   Code   RO         8532    i.vPortFree         heap_4.o
    0x08010f48   0x08010f48   0x00000028   Code   RO         8591    i.vPortSetupTimerInterrupt  port.o
    0x08010f70   0x08010f70   0x00000078   Code   RO         8592    i.vPortValidateInterruptPriority  port.o
    0x08010fe8   0x08010fe8   0x0000002c   Code   RO         7245    i.vQueueAddToRegistry  queue.o
    0x08011014   0x08011014   0x0000004a   Code   RO         7249    i.vQueueWaitForMessageRestricted  queue.o
    0x0801105e   0x0801105e   0x00000002   PAD
    0x08011060   0x08011060   0x0000005c   Code   RO         7650    i.vTaskDelay        tasks.o
    0x080110bc   0x080110bc   0x00000018   Code   RO         7654    i.vTaskInternalSetTimeOutState  tasks.o
    0x080110d4   0x080110d4   0x0000000c   Code   RO         7655    i.vTaskMissedYield  tasks.o
    0x080110e0   0x080110e0   0x00000038   Code   RO         7657    i.vTaskPlaceOnEventList  tasks.o
    0x08011118   0x08011118   0x00000040   Code   RO         7658    i.vTaskPlaceOnEventListRestricted  tasks.o
    0x08011158   0x08011158   0x000000b8   Code   RO         7666    i.vTaskStartScheduler  tasks.o
    0x08011210   0x08011210   0x00000010   Code   RO         7668    i.vTaskSuspendAll   tasks.o
    0x08011220   0x08011220   0x0000008c   Code   RO         7669    i.vTaskSwitchContext  tasks.o
    0x080112ac   0x080112ac   0x00000168   Code   RO         8593    i.xPortStartScheduler  port.o
    0x08011414   0x08011414   0x000000e0   Code   RO         7255    i.xQueueGenericCreateStatic  queue.o
    0x080114f4   0x080114f4   0x00000098   Code   RO         7256    i.xQueueGenericReset  queue.o
    0x0801158c   0x0801158c   0x000001a8   Code   RO         7257    i.xQueueGenericSend  queue.o
    0x08011734   0x08011734   0x000000fc   Code   RO         7258    i.xQueueGenericSendFromISR  queue.o
    0x08011830   0x08011830   0x00000168   Code   RO         7265    i.xQueueReceive     queue.o
    0x08011998   0x08011998   0x0000008c   Code   RO         7671    i.xTaskCheckForTimeOut  tasks.o
    0x08011a24   0x08011a24   0x00000064   Code   RO         7672    i.xTaskCreate       tasks.o
    0x08011a88   0x08011a88   0x000000ba   Code   RO         7673    i.xTaskCreateStatic  tasks.o
    0x08011b42   0x08011b42   0x00000002   PAD
    0x08011b44   0x08011b44   0x00000020   Code   RO         7677    i.xTaskGetSchedulerState  tasks.o
    0x08011b64   0x08011b64   0x0000000c   Code   RO         7678    i.xTaskGetTickCount  tasks.o
    0x08011b70   0x08011b70   0x00000148   Code   RO         7680    i.xTaskIncrementTick  tasks.o
    0x08011cb8   0x08011cb8   0x000000c8   Code   RO         7683    i.xTaskPriorityDisinherit  tasks.o
    0x08011d80   0x08011d80   0x00000098   Code   RO         7685    i.xTaskRemoveFromEventList  tasks.o
    0x08011e18   0x08011e18   0x00000104   Code   RO         7686    i.xTaskResumeAll    tasks.o
    0x08011f1c   0x08011f1c   0x00000078   Code   RO         8012    i.xTimerCreateTimerTask  timers.o
    0x08011f94   0x08011f94   0x00000084   Code   RO         8013    i.xTimerGenericCommand  timers.o
    0x08012018   0x08012018   0x00000070   Code   RO         6097    i.xvEstimateKF_Init  chassis_control.o
    0x08012088   0x08012088   0x00000070   Code   RO         6098    i.xvEstimateKF_Update  chassis_control.o
    0x080120f8   0x080120f8   0x00000038   Data   RO          416    .constdata          freertos.o
    0x08012130   0x08012130   0x00000008   Data   RO         2829    .constdata          stm32h7xx_hal_dma.o
    0x08012138   0x08012138   0x0000005c   Data   RO         4553    .constdata          stm32h7xx_hal_fdcan.o
    0x08012194   0x08012194   0x00000018   Data   RO         5475    .constdata          stm32h7xx_hal_uart.o
    0x080121ac   0x080121ac   0x00000010   Data   RO         5846    .constdata          stm32h7xx_hal_uart_ex.o
    0x080121bc   0x080121bc   0x00000010   Data   RO         5956    .constdata          system_stm32h7xx.o
    0x080121cc   0x080121cc   0x00000030   Data   RO         6004    .constdata          imu_task.o
    0x080121fc   0x080121fc   0x00000010   Data   RO         6100    .constdata          chassis_control.o
    0x0801220c   0x0801220c   0x00000004   PAD
    0x08012210   0x08012210   0x00000098   Data   RO         9095    .constdata          m_wv.l(atan.o)
    0x080122a8   0x080122a8   0x00000030   Data   RO         9230    .constdata          m_wv.l(cos_i.o)
    0x080122d8   0x080122d8   0x00000008   Data   RO         9272    .constdata          m_wv.l(qnan.o)
    0x080122e0   0x080122e0   0x000000c8   Data   RO         9275    .constdata          m_wv.l(rred.o)
    0x080123a8   0x080123a8   0x00000028   Data   RO         9279    .constdata          m_wv.l(sin_i.o)
    0x080123d0   0x080123d0   0x00000019   Data   RO          417    .conststring        freertos.o
    0x080123e9   0x080123e9   0x00000003   PAD
    0x080123ec   0x080123ec   0x00000804   Data   RO         9072    .rodata.sinTable_f32  arm_cortexM7l_math.lib(arm_common_tables.o)
    0x08012bf0   0x08012bf0   0x00000030   Data   RO         9330    Region$$Table       anon$$obj.o


    Execution Region RW_IRAM1 (Exec base: 0x20000000, Load base: 0x08012c20, Size: 0x00003c00, Max: 0x00020000, ABSOLUTE)

    Exec Addr    Load Addr    Size         Type   Attr      Idx    E Section Name        Object

    0x20000000        -       0x00003c00   Zero   RW         8537    .bss                heap_4.o


    Execution Region RW_IRAM2 (Exec base: 0x24000000, Load base: 0x08012c20, Size: 0x00001f58, Max: 0x00020000, ABSOLUTE, COMPRESSED[0x0000006c])

    Exec Addr    Load Addr    Size         Type   Attr      Idx    E Section Name        Object

    0x24000000   COMPRESSED   0x0000000c   Data   RW          418    .data               freertos.o
    0x2400000c   COMPRESSED   0x00000004   Data   RW          544    .data               fdcan.o
    0x24000010   COMPRESSED   0x00000009   Data   RW         3561    .data               stm32h7xx_hal.o
    0x24000019   COMPRESSED   0x00000003   PAD
    0x2400001c   COMPRESSED   0x00000008   Data   RW         5957    .data               system_stm32h7xx.o
    0x24000024   COMPRESSED   0x00000014   Data   RW         6005    .data               imu_task.o
    0x24000038   COMPRESSED   0x00000158   Data   RW         6101    .data               chassis_control.o
    0x24000190   COMPRESSED   0x0000002c   Data   RW         6444    .data               bmi088driver.o
    0x240001bc   COMPRESSED   0x00000028   Data   RW         6642    .data               bsp_can.o
    0x240001e4   COMPRESSED   0x00000004   PAD
    0x240001e8   COMPRESSED   0x00000040   Data   RW         6884    .data               bsp_dwt.o
    0x24000228   COMPRESSED   0x00000008   Data   RW         6955    .data               bsp_delay.o
    0x24000230   COMPRESSED   0x0000003c   Data   RW         7689    .data               tasks.o
    0x2400026c   COMPRESSED   0x00000014   Data   RW         8019    .data               timers.o
    0x24000280   COMPRESSED   0x00000020   Data   RW         8538    .data               heap_4.o
    0x240002a0   COMPRESSED   0x0000000c   Data   RW         8594    .data               port.o
    0x240002ac   COMPRESSED   0x00000014   Data   RW         8664    .data               mahonyahrs.o
    0x240002c0   COMPRESSED   0x00000004   Data   RW         8785    .data               kalman_filter.o
    0x240002c4   COMPRESSED   0x00000004   Data   RW         9316    .data               mc_w.l(mvars.o)
    0x240002c8   COMPRESSED   0x00000004   Data   RW         9317    .data               mc_w.l(mvars.o)
    0x240002cc   COMPRESSED   0x00000004   Data   RW         9321    .data               mc_w.l(errno.o)
    0x240002d0        -       0x000006b8   Zero   RW          415    .bss                freertos.o
    0x24000988        -       0x000001e0   Zero   RW          543    .bss                fdcan.o
    0x24000b68        -       0x00000200   Zero   RW          597    .bss                spi.o
    0x24000d68        -       0x0000004c   Zero   RW          644    .bss                tim.o
    0x24000db4        -       0x0000010c   Zero   RW          686    .bss                usart.o
    0x24000ec0        -       0x0000004c   Zero   RW          868    .bss                stm32h7xx_hal_timebase_tim.o
    0x24000f0c        -       0x00000088   Zero   RW         6003    .bss                imu_task.o
    0x24000f94        -       0x00000144   Zero   RW         6099    .bss                chassis_control.o
    0x240010d8        -       0x000004f8   Zero   RW         6258    .bss                leg_task.o
    0x240015d0        -       0x00000110   Zero   RW         6641    .bss                bsp_can.o
    0x240016e0        -       0x00000052   Zero   RW         6811    .bss                uart_bsp.o
    0x24001732   COMPRESSED   0x00000002   PAD
    0x24001734        -       0x00000040   Zero   RW         7269    .bss                queue.o
    0x24001774        -       0x000000f0   Zero   RW         7688    .bss                tasks.o
    0x24001864        -       0x000000f0   Zero   RW         8018    .bss                timers.o
    0x24001954   COMPRESSED   0x00000004   PAD
    0x24001958        -       0x00000200   Zero   RW            2    HEAP                startup_stm32h723xx.o
    0x24001b58        -       0x00000400   Zero   RW            1    STACK               startup_stm32h723xx.o


==============================================================================

Image component sizes


      Code (inc. data)   RO Data    RW Data    ZI Data      Debug   Object Name

      1030         20          0         44          0       6602   bmi088driver.o
       194         34          0          0          0       4924   bmi088middleware.o
      1524        156          0         40        272      15244   bsp_can.o
       128         20          0          8          0       1960   bsp_delay.o
       228         50          0         64          0       3474   bsp_dwt.o
      6076        710         16        344        324      30738   chassis_control.o
       142          0          0          0          0      23207   cmsis_os.o
        84          4          0          0          0        918   dma.o
         0          0          0          0          0      19984   event_groups.o
       916         56          0          4        480       3581   fdcan.o
       116         32         81         12       1720      35134   freertos.o
       340         18          0          0          0    1222204   gpio.o
       724         74          0         32      15360       5039   heap_4.o
      1676        124         48         20        136       5655   imu_task.o
      3160         26          0          4          0      22727   kalman_filter.o
       596         32          0          0       1272       3520   leg_task.o
       148          0          0          0          0       3750   list.o
      5586        612          0          0          0       4612   lqr_vmc.o
       820         38          0         20          0       2266   mahonyahrs.o
       342         20          0          0          0    1154098   main.o
       742         28          0          0          0       4821   pid.o
      1014         92          0         12          0      12261   port.o
      1922         20          0          0         64      17664   queue.o
       712         58          0          0        512       2856   spi.o
        36          8        716          0       1536        844   startup_stm32h723xx.o
       152         36          0          9          0      23110   stm32h7xx_hal.o
       258         22          0          0          0      39330   stm32h7xx_hal_cortex.o
      8650        164          8          0          0      13538   stm32h7xx_hal_dma.o
      3690         54         92          0          0      23772   stm32h7xx_hal_fdcan.o
       508         50          0          0          0       2264   stm32h7xx_hal_gpio.o
        48          6          0          0          0        958   stm32h7xx_hal_msp.o
        96          6          0          0          0        785   stm32h7xx_hal_pwr_ex.o
      3496        120          0          0          0       7685   stm32h7xx_hal_rcc.o
      5140        112          0          0          0       7413   stm32h7xx_hal_rcc_ex.o
      3236         32          0          0          0      11972   stm32h7xx_hal_spi.o
      1586        144          0          0          0      10888   stm32h7xx_hal_tim.o
       234         38          0          0          0       3352   stm32h7xx_hal_tim_ex.o
       148         20          0          0         76       1632   stm32h7xx_hal_timebase_tim.o
      4308        166         24          0          0      34575   stm32h7xx_hal_uart.o
       458         10         16          0          0       6569   stm32h7xx_hal_uart_ex.o
       178         56          0          0          0       7471   stm32h7xx_it.o
       268         32         16          8          0       1442   system_stm32h7xx.o
      2872        346          0         60        240      27850   tasks.o
       168         18          0          0         76       1818   tim.o
      1274        124          0         20        240      30987   timers.o
       360         42          0          0         82       4432   uart_bsp.o
       408         36          0          0        268       2090   usart.o
        48          0          0          0          0        560   user_lib.o
       260          6          0          0          0       1666   ws2812.o

    ----------------------------------------------------------------------
     66162       3872       1072        708      22664    2874242   Object Totals
         0          0         48          0          0          0   (incl. Generated)
        62          0          7          7          6          0   (incl. Padding)

    ----------------------------------------------------------------------

      Code (inc. data)   RO Data    RW Data    ZI Data      Debug   Library Member Name

         0          0       2052          0          0       4961   arm_common_tables.o
       168          0          0          0          0        963   arm_cos_f32.o
       172          0          0          0          0       1801   arm_mat_add_f32.o
         8          0          0          0          0        841   arm_mat_init_f32.o
       722          0          0          0          0       3309   arm_mat_inverse_f32.o
       382          0          0          0          0       2542   arm_mat_mult_f32.o
       172          0          0          0          0       1801   arm_mat_sub_f32.o
       180          0          0          0          0       1862   arm_mat_trans_f32.o
       312         54          0          0          0        176   asinf.o
       528        110        152          0          0        348   atan.o
       456         64          0          0          0        188   atan2.o
       692         98          0          0          0        208   atan2f.o
       176         18          0          0          0        156   cos.o
       224         42         48          0          0        184   cos_i.o
        60         28          0          0          0        464   dunder.o
        24          0          0          0          0        124   fabs.o
        48          0          0          0          0        124   fpclassify.o
        38          0          0          0          0        116   fpclassifyf.o
        44         12          0          0          0        464   funder.o
       112          0          0          0          0        116   poly.o
         0          0          8          0          0          0   qnan.o
       784        138        200          0          0        172   rred.o
       176         18          0          0          0        160   sin.o
       168         24         40          0          0        196   sin_i.o
       102          0          0          0          0        140   sqrt.o
        62          0          0          0          0        136   sqrtf.o
        86          0          0          0          0          0   __dczerorl2.o
         0          0          0          0          0          0   entry.o
         0          0          0          0          0          0   entry10a.o
         0          0          0          0          0          0   entry11a.o
         4          0          0          0          0          0   entry12b.o
         8          4          0          0          0          0   entry2.o
         4          0          0          0          0          0   entry5.o
         0          0          0          0          0          0   entry7b.o
         0          0          0          0          0          0   entry8b.o
         8          4          0          0          0          0   entry9a.o
        12          6          0          4          0         68   errno.o
        30          0          0          0          0          0   handlers.o
        36          8          0          0          0         68   init.o
         0          0          0          0          0          0   iusefp.o
        30          0          0          0          0         68   llshl.o
        32          0          0          0          0         68   llushr.o
       108         16          0          0          0         84   malloc.o
        36          0          0          0          0         68   memcpya.o
        36          0          0          0          0        108   memseta.o
         0          0          0          8          0          0   mvars.o
        98          0          0          0          0         92   uldiv.o
       176          0          0          0          0        140   fadd.o
        28          0          0          0          0         68   fcmpeq.o
        28          0          0          0          0         68   fcmpgt.o
        28          0          0          0          0         68   fcmple.o
        28          0          0          0          0         68   fcmplt.o
       124          0          0          0          0         88   fdiv.o
       110          0          0          0          0        168   fepilogue.o
        50          0          0          0          0         68   ffixi.o
        40          0          0          0          0         68   ffixui.o
        18          0          0          0          0         68   fflti.o
        10          0          0          0          0         68   ffltui.o
       100          0          0          0          0         76   fmul.o

    ----------------------------------------------------------------------
      7098        648       2500         12          0      23192   Library Totals
        20          4          0          0          0          0   (incl. Padding)

    ----------------------------------------------------------------------

      Code (inc. data)   RO Data    RW Data    ZI Data      Debug   Library Name

      1804          0       2052          0          0      18080   arm_cortexM7l_math.lib
      4006        606        448          0          0       3472   m_wv.l
       528         38          0         12          0        624   mc_w.l
       740          0          0          0          0       1016   mf_w.l

    ----------------------------------------------------------------------
      7098        648       2500         12          0      23192   Library Totals

    ----------------------------------------------------------------------

==============================================================================


      Code (inc. data)   RO Data    RW Data    ZI Data      Debug   

     73260       4520       3572        720      22664    2864390   Grand Totals
     73260       4520       3572        108      22664    2864390   ELF Image Totals (compressed)
     73260       4520       3572        108          0          0   ROM Totals

==============================================================================

    Total RO  Size (Code + RO Data)                76832 (  75.03kB)
    Total RW  Size (RW Data + ZI Data)             23384 (  22.84kB)
    Total ROM Size (Code + RO Data + RW Data)      76940 (  75.14kB)

==============================================================================

